Archive member included to satisfy reference by file (symbol)

c:/intelfpga_lite/18.1/nios2eds/bin/gnu/h-x86_64-mingw32/bin/../lib/gcc/nios2-elf/5.3.0/mno-hw-mul\libgcc.a(lib2-divmod.o)
                              obj/default/task_avg_range_code.o (__udivsi3)
c:/intelfpga_lite/18.1/nios2eds/bin/gnu/h-x86_64-mingw32/bin/../lib/gcc/nios2-elf/5.3.0/../../../../../H-x86_64-mingw32/nios2-elf/lib/mno-hw-mul\libsmallc.a(lib_a-printf.o)
                              obj/default/main_range_finder.o (printf)
c:/intelfpga_lite/18.1/nios2eds/bin/gnu/h-x86_64-mingw32/bin/../lib/gcc/nios2-elf/5.3.0/../../../../../H-x86_64-mingw32/nios2-elf/lib/mno-hw-mul\libsmallc.a(lib_a-puts.o)
                              obj/default/main_range_finder.o (puts)
c:/intelfpga_lite/18.1/nios2eds/bin/gnu/h-x86_64-mingw32/bin/../lib/gcc/nios2-elf/5.3.0/../../../../../H-x86_64-mingw32/nios2-elf/lib/mno-hw-mul\libsmallc.a(lib_a-strlen.o)
                              c:/intelfpga_lite/18.1/nios2eds/bin/gnu/h-x86_64-mingw32/bin/../lib/gcc/nios2-elf/5.3.0/../../../../../H-x86_64-mingw32/nios2-elf/lib/mno-hw-mul\libsmallc.a(lib_a-puts.o) (strlen)
c:/intelfpga_lite/18.1/nios2eds/bin/gnu/h-x86_64-mingw32/bin/../lib/gcc/nios2-elf/5.3.0/../../../../../H-x86_64-mingw32/nios2-elf/lib/mno-hw-mul\libsmallc.a(lib_a-vfprintf.o)
                              c:/intelfpga_lite/18.1/nios2eds/bin/gnu/h-x86_64-mingw32/bin/../lib/gcc/nios2-elf/5.3.0/../../../../../H-x86_64-mingw32/nios2-elf/lib/mno-hw-mul\libsmallc.a(lib_a-printf.o) (___vfprintf_internal_r)
c:/intelfpga_lite/18.1/nios2eds/bin/gnu/h-x86_64-mingw32/bin/../lib/gcc/nios2-elf/5.3.0/../../../../../H-x86_64-mingw32/nios2-elf/lib/mno-hw-mul\libsmallc.a(lib_a-fvwrite_small_dev.o)
                              c:/intelfpga_lite/18.1/nios2eds/bin/gnu/h-x86_64-mingw32/bin/../lib/gcc/nios2-elf/5.3.0/../../../../../H-x86_64-mingw32/nios2-elf/lib/mno-hw-mul\libsmallc.a(lib_a-printf.o) (__sfvwrite_small_dev)
c:/intelfpga_lite/18.1/nios2eds/bin/gnu/h-x86_64-mingw32/bin/../lib/gcc/nios2-elf/5.3.0/../../../../../H-x86_64-mingw32/nios2-elf/lib/mno-hw-mul\libsmallc.a(lib_a-impure.o)
                              c:/intelfpga_lite/18.1/nios2eds/bin/gnu/h-x86_64-mingw32/bin/../lib/gcc/nios2-elf/5.3.0/../../../../../H-x86_64-mingw32/nios2-elf/lib/mno-hw-mul\libsmallc.a(lib_a-printf.o) (_impure_ptr)
c:/intelfpga_lite/18.1/nios2eds/bin/gnu/h-x86_64-mingw32/bin/../lib/gcc/nios2-elf/5.3.0/../../../../../H-x86_64-mingw32/nios2-elf/lib/mno-hw-mul\libsmallc.a(lib_a-writer.o)
                              c:/intelfpga_lite/18.1/nios2eds/bin/gnu/h-x86_64-mingw32/bin/../lib/gcc/nios2-elf/5.3.0/../../../../../H-x86_64-mingw32/nios2-elf/lib/mno-hw-mul\libsmallc.a(lib_a-fvwrite_small_dev.o) (_write_r)
c:/intelfpga_lite/18.1/nios2eds/bin/gnu/h-x86_64-mingw32/bin/../lib/gcc/nios2-elf/5.3.0/../../../../../H-x86_64-mingw32/nios2-elf/lib/mno-hw-mul\libsmallc.a(lib_a-int_errno.o)
                              c:/intelfpga_lite/18.1/nios2eds/bin/gnu/h-x86_64-mingw32/bin/../lib/gcc/nios2-elf/5.3.0/../../../../../H-x86_64-mingw32/nios2-elf/lib/mno-hw-mul\libsmallc.a(lib_a-writer.o) (errno)
c:/intelfpga_lite/18.1/nios2eds/bin/gnu/h-x86_64-mingw32/bin/../lib/gcc/nios2-elf/5.3.0/mno-hw-mul\libgcc.a(lib2-mul.o)
                              c:/intelfpga_lite/18.1/nios2eds/bin/gnu/h-x86_64-mingw32/bin/../lib/gcc/nios2-elf/5.3.0/../../../../../H-x86_64-mingw32/nios2-elf/lib/mno-hw-mul\libsmallc.a(lib_a-vfprintf.o) (__mulsi3)
../Range_Finder_bsp/\libhal_bsp.a(alt_load.o)
                              ../Range_Finder_bsp//obj/HAL/src/crt0.o (alt_load)
../Range_Finder_bsp/\libhal_bsp.a(alt_main.o)
                              ../Range_Finder_bsp//obj/HAL/src/crt0.o (alt_main)
../Range_Finder_bsp/\libhal_bsp.a(alt_write.o)
                              c:/intelfpga_lite/18.1/nios2eds/bin/gnu/h-x86_64-mingw32/bin/../lib/gcc/nios2-elf/5.3.0/../../../../../H-x86_64-mingw32/nios2-elf/lib/mno-hw-mul\libsmallc.a(lib_a-writer.o) (write)
../Range_Finder_bsp/\libhal_bsp.a(alt_sys_init.o)
                              ../Range_Finder_bsp/\libhal_bsp.a(alt_main.o) (alt_irq_init)
../Range_Finder_bsp/\libhal_bsp.a(altera_avalon_jtag_uart_fd.o)
                              ../Range_Finder_bsp/\libhal_bsp.a(alt_sys_init.o) (altera_avalon_jtag_uart_read_fd)
../Range_Finder_bsp/\libhal_bsp.a(altera_avalon_jtag_uart_read.o)
                              ../Range_Finder_bsp/\libhal_bsp.a(altera_avalon_jtag_uart_fd.o) (altera_avalon_jtag_uart_read)
../Range_Finder_bsp/\libhal_bsp.a(altera_avalon_jtag_uart_write.o)
                              ../Range_Finder_bsp/\libhal_bsp.a(altera_avalon_jtag_uart_fd.o) (altera_avalon_jtag_uart_write)
../Range_Finder_bsp/\libhal_bsp.a(draw_vga.o)
                              obj/default/main_range_finder.o (clear_screen)
../Range_Finder_bsp/\libhal_bsp.a(sierra.o)
                              obj/default/main_range_finder.o (sierra_SW_driver_version)
../Range_Finder_bsp/\libhal_bsp.a(sierra_sem.o)
[...]
Memory Configuration

Name             Origin             Length             Attributes
reset            0x00000000000a0000 0x0000000000000020
onchip_ram       0x00000000000a0020 0x000000000001ffe0
*default*        0x0000000000000000 0xffffffffffffffff

Linker script and memory map

LOAD ../Range_Finder_bsp//obj/HAL/src/crt0.o
LOAD obj/default/main_range_finder.o
LOAD obj/default/task_avg_range_code.o
LOAD obj/default/task_idle_code.o
LOAD obj/default/task_range_code.o
LOAD obj/default/task_range_print_code.o
LOAD obj/default/task_servo_position_code.o
LOAD c:/intelfpga_lite/18.1/nios2eds/bin/gnu/h-x86_64-mingw32/bin/../lib/gcc/nios2-elf/5.3.0/../../../../../H-x86_64-mingw32/nios2-elf/lib/mno-hw-mul\libstdc++.a
LOAD c:/intelfpga_lite/18.1/nios2eds/bin/gnu/h-x86_64-mingw32/bin/../lib/gcc/nios2-elf/5.3.0/../../../../../H-x86_64-mingw32/nios2-elf/lib/mno-hw-mul\libm.a
LOAD c:/intelfpga_lite/18.1/nios2eds/bin/gnu/h-x86_64-mingw32/bin/../lib/gcc/nios2-elf/5.3.0/mno-hw-mul\libgcc.a
START GROUP
LOAD c:/intelfpga_lite/18.1/nios2eds/bin/gnu/h-x86_64-mingw32/bin/../lib/gcc/nios2-elf/5.3.0/../../../../../H-x86_64-mingw32/nios2-elf/lib/mno-hw-mul\libsmallc.a
LOAD c:/intelfpga_lite/18.1/nios2eds/bin/gnu/h-x86_64-mingw32/bin/../lib/gcc/nios2-elf/5.3.0/mno-hw-mul\libgcc.a
LOAD ../Range_Finder_bsp/\libhal_bsp.a
LOAD c:/intelfpga_lite/18.1/nios2eds/bin/gnu/h-x86_64-mingw32/bin/../lib/gcc/nios2-elf/5.3.0/../../../../../H-x86_64-mingw32/nios2-elf/lib/mno-hw-mul\libm.a
END GROUP
LOAD c:/intelfpga_lite/18.1/nios2eds/bin/gnu/h-x86_64-mingw32/bin/../lib/gcc/nios2-elf/5.3.0/mno-hw-mul\libgcc.a
                0x00000000000a0000                __alt_mem_onchip_ram = 0xa0000

.entry          0x00000000000a0000       0x20
 *(.entry)
 .entry         0x00000000000a0000       0x20 ../Range_Finder_bsp//obj/HAL/src/crt0.o
                0x00000000000a0000                __reset

.exceptions     0x00000000000a0020      0x27c
                0x00000000000a0020                PROVIDE (__ram_exceptions_start, ABSOLUTE (.))
                0x00000000000a0020                . = ALIGN (0x20)
 *(.irq)
 *(.exceptions.entry.label)
 .exceptions.entry.label
                0x00000000000a0020        0x0 ../Range_Finder_bsp/\libhal_bsp.a(alt_irq_entry.o)
                0x00000000000a0020                alt_irq_entry
 .exceptions.entry.label
                0x00000000000a0020        0x0 ../Range_Finder_bsp/\libhal_bsp.a(alt_exception_entry.o)
                0x00000000000a0020                alt_exception
 *(.exceptions.entry.user)
 *(.exceptions.entry.ecc_fatal)
 *(.exceptions.entry)
 .exceptions.entry
                0x00000000000a0020      0x130 ../Range_Finder_bsp/\libhal_bsp.a(alt_exception_entry.o)
                0x00000000000a00b4                context_switch
                0x00000000000a00e0                sierra_trap
                0x00000000000a00e4                sierra_irq_or_trap
                0x00000000000a0150                interrupt_testing
 *(.exceptions.irqtest.user)
 *(.exceptions.irqtest)
 .exceptions.irqtest
                0x00000000000a0150       0x10 ../Range_Finder_bsp/\libhal_bsp.a(alt_irq_entry.o)
 *(.exceptions.irqhandler.user)
 *(.exceptions.irqhandler)
 .exceptions.irqhandler
                0x00000000000a0160        0x4 ../Range_Finder_bsp/\libhal_bsp.a(alt_irq_entry.o)
 *(.exceptions.irqreturn.user)
 *(.exceptions.irqreturn)
 .exceptions.irqreturn
                0x00000000000a0164        0x4 ../Range_Finder_bsp/\libhal_bsp.a(alt_irq_entry.o)
 *(.exceptions.notirq.label)
 .exceptions.notirq.label
                0x00000000000a0168        0x0 ../Range_Finder_bsp/\libhal_bsp.a(alt_irq_entry.o)
 *(.exceptions.notirq.user)
 *(.exceptions.notirq)
 .exceptions.notirq
                0x00000000000a0168        0x4 ../Range_Finder_bsp/\libhal_bsp.a(alt_exception_entry.o)
 *(.exceptions.soft.user)
 *(.exceptions.soft)
 .exceptions.soft
                0x00000000000a016c        0x4 ../Range_Finder_bsp/\libhal_bsp.a(alt_exception_trap.o)
                0x00000000000a016c                .Ltrap_handler
 *(.exceptions.unknown.user)
 *(.exceptions.unknown)
 .exceptions.unknown
                0x00000000000a0170        0x4 ../Range_Finder_bsp/\libhal_bsp.a(alt_exception_entry.o)
 *(.exceptions.exit.label)
 .exceptions.exit.label
                0x00000000000a0174        0x0 ../Range_Finder_bsp/\libhal_bsp.a(alt_irq_entry.o)
 .exceptions.exit.label
                0x00000000000a0174        0x0 ../Range_Finder_bsp/\libhal_bsp.a(alt_exception_trap.o)
 *(.exceptions.exit.user)
 *(.exceptions.exit)
 .exceptions.exit
                0x00000000000a0174       0x54 ../Range_Finder_bsp/\libhal_bsp.a(alt_exception_entry.o)
 *(.exceptions)
 .exceptions    0x00000000000a01c8       0xd4 ../Range_Finder_bsp/\libhal_bsp.a(alt_irq_handler.o)
                0x00000000000a01c8                alt_irq_handler
                0x00000000000a029c                PROVIDE (__ram_exceptions_end, ABSOLUTE (.))
                0x00000000000a0020                PROVIDE (__flash_exceptions_start, LOADADDR (.exceptions))

.text           0x00000000000a029c     0x4cbc
                [!provide]                        PROVIDE (stext, ABSOLUTE (.))
 *(.interp)
 *(.hash)
 *(.dynsym)
 *(.dynstr)
 *(.gnu.version)
 *(.gnu.version_d)
 *(.gnu.version_r)
 *(.rel.init)
 *(.rela.init)
 *(.rel.text .rel.text.* .rel.gnu.linkonce.t.*)
 *(.rela.text .rela.text.* .rela.gnu.linkonce.t.*)
 *(.rel.fini)
 *(.rela.fini)
 *(.rel.rodata .rel.rodata.* .rel.gnu.linkonce.r.*)
 *(.rela.rodata .rela.rodata.* .rela.gnu.linkonce.r.*)
 *(.rel.data .rel.data.* .rel.gnu.linkonce.d.*)
 *(.rela.data .rela.data.* .rela.gnu.linkonce.d.*)
 *(.rel.tdata .rel.tdata.* .rel.gnu.linkonce.td.*)
 *(.rela.tdata .rela.tdata.* .rela.gnu.linkonce.td.*)
 *(.rel.tbss .rel.tbss.* .rel.gnu.linkonce.tb.*)
 *(.rela.tbss .rela.tbss.* .rela.gnu.linkonce.tb.*)
 *(.rel.ctors)
 *(.rela.ctors)
 *(.rel.dtors)
 *(.rela.dtors)
 *(.rel.got)
 *(.rela.got)
 *(.rel.sdata .rel.sdata.* .rel.gnu.linkonce.s.*)
 *(.rela.sdata .rela.sdata.* .rela.gnu.linkonce.s.*)
 *(.rel.sbss .rel.sbss.* .rel.gnu.linkonce.sb.*)
 *(.rela.sbss .rela.sbss.* .rela.gnu.linkonce.sb.*)
 *(.rel.sdata2 .rel.sdata2.* .rel.gnu.linkonce.s2.*)
 *(.rela.sdata2 .rela.sdata2.* .rela.gnu.linkonce.s2.*)
 *(.rel.sbss2 .rel.sbss2.* .rel.gnu.linkonce.sb2.*)
 *(.rela.sbss2 .rela.sbss2.* .rela.gnu.linkonce.sb2.*)
 *(.rel.bss .rel.bss.* .rel.gnu.linkonce.b.*)
 *(.rela.bss .rela.bss.* .rela.gnu.linkonce.b.*)
 *(.rel.plt)
 *(.rela.plt)
 *(.rel.dyn)
 *(.init)
 *(.plt)
 *(.text .stub .text.* .gnu.linkonce.t.*)
 .text          0x00000000000a029c       0x3c ../Range_Finder_bsp//obj/HAL/src/crt0.o
                0x00000000000a029c                _start
 .text          0x00000000000a02d8      0x208 obj/default/main_range_finder.o
                0x00000000000a02d8                main
 .text          0x00000000000a04e0       0xa0 obj/default/task_avg_range_code.o
                0x00000000000a04e0                task_avg_range_code
 .text          0x00000000000a0580       0x10 obj/default/task_idle_code.o
                0x00000000000a0580                task_idle_code
 .text          0x00000000000a0590       0xf4 obj/default/task_range_code.o
                0x00000000000a0590                task_range_code
 .text          0x00000000000a0684      0x89c obj/default/task_range_print_code.o
                0x00000000000a0684                task_range_print_code
 .text          0x00000000000a0f20      0x1fc obj/default/task_servo_position_code.o
                0x00000000000a0f20                task_servo_position_code
 .text          0x00000000000a111c      0x1b4 c:/intelfpga_lite/18.1/nios2eds/bin/gnu/h-x86_64-mingw32/bin/../lib/gcc/nios2-elf/5.3.0/mno-hw-mul\libgcc.a(lib2-divmod.o)
                0x00000000000a111c                __divsi3
                0x00000000000a11a0                __modsi3
                0x00000000000a1214                __udivsi3
                0x00000000000a1278                __umodsi3
 .text          0x00000000000a12d0        0x0 c:/intelfpga_lite/18.1/nios2eds/bin/gnu/h-x86_64-mingw32/bin/../lib/gcc/nios2-elf/5.3.0/../../../../../H-x86_64-mingw32/nios2-elf/lib/mno-hw-mul\libsmallc.a(lib_a-printf.o)
 .text._printf_r
                0x00000000000a12d0       0x3c c:/intelfpga_lite/18.1/nios2eds/bin/gnu/h-x86_64-mingw32/bin/../lib/gcc/nios2-elf/5.3.0/../../../../../H-x86_64-mingw32/nios2-elf/lib/mno-hw-mul\libsmallc.a(lib_a-printf.o)
                0x00000000000a12d0                _printf_r
 .text.printf   0x00000000000a130c       0x4c c:/intelfpga_lite/18.1/nios2eds/bin/gnu/h-x86_64-mingw32/bin/../lib/gcc/nios2-elf/5.3.0/../../../../../H-x86_64-mingw32/nios2-elf/lib/mno-hw-mul\libsmallc.a(lib_a-printf.o)
                0x00000000000a130c                printf
 .text          0x00000000000a1358        0x0 c:/intelfpga_lite/18.1/nios2eds/bin/gnu/h-x86_64-mingw32/bin/../lib/gcc/nios2-elf/5.3.0/../../../../../H-x86_64-mingw32/nios2-elf/lib/mno-hw-mul\libsmallc.a(lib_a-puts.o)
 .text._puts_r  0x00000000000a1358       0x80 c:/intelfpga_lite/18.1/nios2eds/bin/gnu/h-x86_64-mingw32/bin/../lib/gcc/nios2-elf/5.3.0/../../../../../H-x86_64-mingw32/nios2-elf/lib/mno-hw-mul\libsmallc.a(lib_a-puts.o)
                0x00000000000a1358                _puts_r
 .text.puts     0x00000000000a13d8       0x14 c:/intelfpga_lite/18.1/nios2eds/bin/gnu/h-x86_64-mingw32/bin/../lib/gcc/nios2-elf/5.3.0/../../../../../H-x86_64-mingw32/nios2-elf/lib/mno-hw-mul\libsmallc.a(lib_a-puts.o)
                0x00000000000a13d8                puts
 .text          0x00000000000a13ec        0x0 c:/intelfpga_lite/18.1/nios2eds/bin/gnu/h-x86_64-mingw32/bin/../lib/gcc/nios2-elf/5.3.0/../../../../../H-x86_64-mingw32/nios2-elf/lib/mno-hw-mul\libsmallc.a(lib_a-strlen.o)
 .text.strlen   0x00000000000a13ec       0x1c c:/intelfpga_lite/18.1/nios2eds/bin/gnu/h-x86_64-mingw32/bin/../lib/gcc/nios2-elf/5.3.0/../../../../../H-x86_64-mingw32/nios2-elf/lib/mno-hw-mul\libsmallc.a(lib_a-strlen.o)
                0x00000000000a13ec                strlen
 .text          0x00000000000a1408        0x0 c:/intelfpga_lite/18.1/nios2eds/bin/gnu/h-x86_64-mingw32/bin/../lib/gcc/nios2-elf/5.3.0/../../../../../H-x86_64-mingw32/nios2-elf/lib/mno-hw-mul\libsmallc.a(lib_a-vfprintf.o)
 .text.print_repeat
                0x00000000000a1408       0x6c c:/intelfpga_lite/18.1/nios2eds/bin/gnu/h-x86_64-mingw32/bin/../lib/gcc/nios2-elf/5.3.0/../../../../../H-x86_64-mingw32/nios2-elf/lib/mno-hw-mul\libsmallc.a(lib_a-vfprintf.o)
 .text.___vfprintf_internal_r
                0x00000000000a1474      0x52c c:/intelfpga_lite/18.1/nios2eds/bin/gnu/h-x86_64-mingw32/bin/../lib/gcc/nios2-elf/5.3.0/../../../../../H-x86_64-mingw32/nios2-elf/lib/mno-hw-mul\libsmallc.a(lib_a-vfprintf.o)
                0x00000000000a1474                ___vfprintf_internal_r
 .text.__vfprintf_internal
                0x00000000000a19a0       0x1c c:/intelfpga_lite/18.1/nios2eds/bin/gnu/h-x86_64-mingw32/bin/../lib/gcc/nios2-elf/5.3.0/../../../../../H-x86_64-mingw32/nios2-elf/lib/mno-hw-mul\libsmallc.a(lib_a-vfprintf.o)
                0x00000000000a19a0                __vfprintf_internal
 .text          0x00000000000a19bc        0x0 c:/intelfpga_lite/18.1/nios2eds/bin/gnu/h-x86_64-mingw32/bin/../lib/gcc/nios2-elf/5.3.0/../../../../../H-x86_64-mingw32/nios2-elf/lib/mno-hw-mul\libsmallc.a(lib_a-fvwrite_small_dev.o)
 .text.__sfvwrite_small_dev
                0x00000000000a19bc       0xb8 c:/intelfpga_lite/18.1/nios2eds/bin/gnu/h-x86_64-mingw32/bin/../lib/gcc/nios2-elf/5.3.0/../../../../../H-x86_64-mingw32/nios2-elf/lib/mno-hw-mul\libsmallc.a(lib_a-fvwrite_small_dev.o)
                0x00000000000a19bc                __sfvwrite_small_dev
 .text          0x00000000000a1a74        0x0 c:/intelfpga_lite/18.1/nios2eds/bin/gnu/h-x86_64-mingw32/bin/../lib/gcc/nios2-elf/5.3.0/../../../../../H-x86_64-mingw32/nios2-elf/lib/mno-hw-mul\libsmallc.a(lib_a-impure.o)
 .text          0x00000000000a1a74        0x0 c:/intelfpga_lite/18.1/nios2eds/bin/gnu/h-x86_64-mingw32/bin/../lib/gcc/nios2-elf/5.3.0/../../../../../H-x86_64-mingw32/nios2-elf/lib/mno-hw-mul\libsmallc.a(lib_a-writer.o)
 .text._write_r
                0x00000000000a1a74       0x58 c:/intelfpga_lite/18.1/nios2eds/bin/gnu/h-x86_64-mingw32/bin/../lib/gcc/nios2-elf/5.3.0/../../../../../H-x86_64-mingw32/nios2-elf/lib/mno-hw-mul\libsmallc.a(lib_a-writer.o)
                0x00000000000a1a74                _write_r
 .text          0x00000000000a1acc        0x0 c:/intelfpga_lite/18.1/nios2eds/bin/gnu/h-x86_64-mingw32/bin/../lib/gcc/nios2-elf/5.3.0/../../../../../H-x86_64-mingw32/nios2-elf/lib/mno-hw-mul\libsmallc.a(lib_a-int_errno.o)
 .text          0x00000000000a1acc       0x28 c:/intelfpga_lite/18.1/nios2eds/bin/gnu/h-x86_64-mingw32/bin/../lib/gcc/nios2-elf/5.3.0/mno-hw-mul\libgcc.a(lib2-mul.o)
                0x00000000000a1acc                __mulsi3
 .text          0x00000000000a1af4       0xec ../Range_Finder_bsp/\libhal_bsp.a(alt_load.o)
                0x00000000000a1b5c                alt_load
 .text          0x00000000000a1be0       0x6c ../Range_Finder_bsp/\libhal_bsp.a(alt_main.o)
                0x00000000000a1be0                alt_main
 .text          0x00000000000a1c4c      0x13c ../Range_Finder_bsp/\libhal_bsp.a(alt_write.o)
                0x00000000000a1c88                write
 .text          0x00000000000a1d88       0xa4 ../Range_Finder_bsp/\libhal_bsp.a(alt_sys_init.o)
                0x00000000000a1dbc                alt_irq_init
                0x00000000000a1df4                alt_sys_init
 .text          0x00000000000a1e2c       0xc0 ../Range_Finder_bsp/\libhal_bsp.a(altera_avalon_jtag_uart_fd.o)
                0x00000000000a1e2c                altera_avalon_jtag_uart_read_fd
                0x00000000000a1e8c                altera_avalon_jtag_uart_write_fd
 .text          0x00000000000a1eec       0xec ../Range_Finder_bsp/\libhal_bsp.a(altera_avalon_jtag_uart_read.o)
                0x00000000000a1eec                altera_avalon_jtag_uart_read
 .text          0x00000000000a1fd8       0x94 ../Range_Finder_bsp/\libhal_bsp.a(altera_avalon_jtag_uart_write.o)
                0x00000000000a1fd8                altera_avalon_jtag_uart_write
 .text          0x00000000000a206c      0xe58 ../Range_Finder_bsp/\libhal_bsp.a(draw_vga.o)
                0x00000000000a206c                clear_screen
                0x00000000000a2104                draw_hline
                0x00000000000a2190                draw_vline
                0x00000000000a2220                draw_circle
                0x00000000000a2508                draw_filled_circle
                0x00000000000a272c                draw_angled_line
                0x00000000000a296c                tty_print
                0x00000000000a2bb0                char_print
                0x00000000000a2d8c                int_print
 .text          0x00000000000a2ec4      0x43c ../Range_Finder_bsp/\libhal_bsp.a(sierra.o)
                0x00000000000a2f10                sierra_SW_driver_version
                0x00000000000a2f40                sierra_HW_version
                0x00000000000a2f74                SierraTime_base_reg
                0x00000000000a2fa8                set_timebase
                0x00000000000a2fdc                Sierra_Initiation_HW_and_SW
                0x00000000000a3074                get_next_task
                0x00000000000a3148                tsw_on
                0x00000000000a3198                tsw_off
                0x00000000000a31e4                get_new_task
                0x00000000000a323c                irq_wait
 .text          0x00000000000a3300      0x3d0 ../Range_Finder_bsp/\libhal_bsp.a(sierra_sem.o)
                0x00000000000a3300                sem_take
                0x00000000000a33c4                sem_release
                0x00000000000a3450                sem_read
                0x00000000000a34f4                flag_wait
                0x00000000000a35b8                flag_set
                0x00000000000a3644                flag_clear
 .text          0x00000000000a36d0      0x54c ../Range_Finder_bsp/\libhal_bsp.a(sierra_task.o)
                0x00000000000a36d0                task_create
                0x00000000000a385c                task_getinfo
                0x00000000000a3900                task_start
                0x00000000000a398c                task_block
                0x00000000000a3a50                task_delete
                0x00000000000a3acc                task_change_prio
                0x00000000000a3b88                task_yield
 .text          0x00000000000a3c1c      0x1c8 ../Range_Finder_bsp/\libhal_bsp.a(sierra_time.o)
                0x00000000000a3c1c                init_period_time
                0x00000000000a3c8c                wait_for_next_period
                0x00000000000a3d38                delay
 .text          0x00000000000a3de4      0x3a8 ../Range_Finder_bsp/\libhal_bsp.a(soft_drivers.o)
                0x00000000000a3de4                init_screen
                0x00000000000a3ebc                pattern
                0x00000000000a3fc8                testFunction
                0x00000000000a4150                DELAY
 .text          0x00000000000a418c      0x114 ../Range_Finder_bsp/\libhal_bsp.a(alt_close.o)
                0x00000000000a41c8                close
 .text          0x00000000000a42a0       0x20 ../Range_Finder_bsp/\libhal_bsp.a(alt_dcache_flush_all.o)
                0x00000000000a42a0                alt_dcache_flush_all
 .text          0x00000000000a42c0       0x2c ../Range_Finder_bsp/\libhal_bsp.a(alt_dev.o)
 .text          0x00000000000a42ec       0xe0 ../Range_Finder_bsp/\libhal_bsp.a(alt_dev_llist_insert.o)
                0x00000000000a4328                alt_dev_llist_insert
 .text          0x00000000000a43cc        0x0 ../Range_Finder_bsp/\libhal_bsp.a(alt_errno.o)
 .text          0x00000000000a43cc       0x20 ../Range_Finder_bsp/\libhal_bsp.a(alt_icache_flush_all.o)
                0x00000000000a43cc                alt_icache_flush_all
 .text          0x00000000000a43ec      0x160 ../Range_Finder_bsp/\libhal_bsp.a(alt_io_redirect.o)
                0x00000000000a44d0                alt_io_redirect
 .text          0x00000000000a454c      0x180 ../Range_Finder_bsp/\libhal_bsp.a(alt_irq_register.o)
                0x00000000000a454c                alt_irq_register
 .text          0x00000000000a46cc        0x0 ../Range_Finder_bsp/\libhal_bsp.a(alt_irq_vars.o)
 .text          0x00000000000a46cc      0x284 ../Range_Finder_bsp/\libhal_bsp.a(alt_open.o)
                0x00000000000a47f4                open
 .text          0x00000000000a4950       0x84 ../Range_Finder_bsp/\libhal_bsp.a(alt_release_fd.o)
                0x00000000000a4950                alt_release_fd
 .text          0x00000000000a49d4       0x24 ../Range_Finder_bsp/\libhal_bsp.a(altera_nios2_gen2_irq.o)
                0x00000000000a49d4                altera_nios2_gen2_irq_init
 .text          0x00000000000a49f8       0x80 ../Range_Finder_bsp/\libhal_bsp.a(char_map.o)
                0x00000000000a49f8                upper_char_line
                0x00000000000a4a38                lower_char_line
 .text          0x00000000000a4a78       0x70 ../Range_Finder_bsp/\libhal_bsp.a(csw.o)
                0x00000000000a4a78                HW_CTX_SWITCH
                0x00000000000a4a7c                gettask
                0x00000000000a4ae0                SW_CTX_SWITCH
 .text          0x00000000000a4ae8       0x90 ../Range_Finder_bsp/\libhal_bsp.a(alt_find_dev.o)
                0x00000000000a4ae8                alt_find_dev
 .text          0x00000000000a4b78      0x108 ../Range_Finder_bsp/\libhal_bsp.a(alt_find_file.o)
                0x00000000000a4b78                alt_find_file
 .text          0x00000000000a4c80       0xc4 ../Range_Finder_bsp/\libhal_bsp.a(alt_get_fd.o)
                0x00000000000a4c80                alt_get_fd
 .text          0x00000000000a4d44        0x0 ../Range_Finder_bsp/\libhal_bsp.a(alt_irq_entry.o)
 .text          0x00000000000a4d44        0x0 ../Range_Finder_bsp/\libhal_bsp.a(alt_irq_handler.o)
 .text          0x00000000000a4d44        0x0 ../Range_Finder_bsp/\libhal_bsp.a(alt_exception_entry.o)
 .text          0x00000000000a4d44        0x0 ../Range_Finder_bsp/\libhal_bsp.a(alt_exception_trap.o)
 .text          0x00000000000a4d44        0x0 c:/intelfpga_lite/18.1/nios2eds/bin/gnu/h-x86_64-mingw32/bin/../lib/gcc/nios2-elf/5.3.0/../../../../../H-x86_64-mingw32/nios2-elf/lib/mno-hw-mul\libsmallc.a(lib_a-exit.o)
 .text.exit     0x00000000000a4d44       0x20 c:/intelfpga_lite/18.1/nios2eds/bin/gnu/h-x86_64-mingw32/bin/../lib/gcc/nios2-elf/5.3.0/../../../../../H-x86_64-mingw32/nios2-elf/lib/mno-hw-mul\libsmallc.a(lib_a-exit.o)
                0x00000000000a4d44                exit
 .text          0x00000000000a4d64        0x0 c:/intelfpga_lite/18.1/nios2eds/bin/gnu/h-x86_64-mingw32/bin/../lib/gcc/nios2-elf/5.3.0/../../../../../H-x86_64-mingw32/nios2-elf/lib/mno-hw-mul\libsmallc.a(lib_a-memcmp.o)
 .text.memcmp   0x00000000000a4d64       0x30 c:/intelfpga_lite/18.1/nios2eds/bin/gnu/h-x86_64-mingw32/bin/../lib/gcc/nios2-elf/5.3.0/../../../../../H-x86_64-mingw32/nios2-elf/lib/mno-hw-mul\libsmallc.a(lib_a-memcmp.o)
                0x00000000000a4d64                memcmp
 .text          0x00000000000a4d94        0x0 c:/intelfpga_lite/18.1/nios2eds/bin/gnu/h-x86_64-mingw32/bin/../lib/gcc/nios2-elf/5.3.0/../../../../../H-x86_64-mingw32/nios2-elf/lib/mno-hw-mul\libsmallc.a(lib_a-__call_atexit.o)
 .text.__call_exitprocs
                0x00000000000a4d94      0x190 c:/intelfpga_lite/18.1/nios2eds/bin/gnu/h-x86_64-mingw32/bin/../lib/gcc/nios2-elf/5.3.0/../../../../../H-x86_64-mingw32/nios2-elf/lib/mno-hw-mul\libsmallc.a(lib_a-__call_atexit.o)
                0x00000000000a4d94                __call_exitprocs
 .text          0x00000000000a4f24       0x34 ../Range_Finder_bsp/\libhal_bsp.a(alt_exit.o)
                0x00000000000a4f24                _exit
 *(.gnu.warning.*)
 *(.fini)
                [!provide]                        PROVIDE (__etext, ABSOLUTE (.))
                [!provide]                        PROVIDE (_etext, ABSOLUTE (.))
                [!provide]                        PROVIDE (etext, ABSOLUTE (.))
 *(.eh_frame_hdr)
                0x00000000000a4f58                . = ALIGN (0x4)
                [!provide]                        PROVIDE (__preinit_array_start, ABSOLUTE (.))
 *(.preinit_array)
                [!provide]                        PROVIDE (__preinit_array_end, ABSOLUTE (.))
                [!provide]                        PROVIDE (__init_array_start, ABSOLUTE (.))
 *(.init_array)
                [!provide]                        PROVIDE (__init_array_end, ABSOLUTE (.))
                [!provide]                        PROVIDE (__fini_array_start, ABSOLUTE (.))
 *(.fini_array)
                [!provide]                        PROVIDE (__fini_array_end, ABSOLUTE (.))
 *(.eh_frame)
 *(.gcc_except_table .gcc_except_table.*)
 *(.dynamic)
                [!provide]                        PROVIDE (__CTOR_LIST__, ABSOLUTE (.))
 *(.ctors)
 *(SORT(.ctors.*))
                [!provide]                        PROVIDE (__CTOR_END__, ABSOLUTE (.))
                [!provide]                        PROVIDE (__DTOR_LIST__, ABSOLUTE (.))
 *(.dtors)
 *(SORT(.dtors.*))
                [!provide]                        PROVIDE (__DTOR_END__, ABSOLUTE (.))
 *(.jcr)
                0x00000000000a4f58                . = ALIGN (0x4)

.rodata         0x00000000000a4f58      0x59c
                0x00000000000a4f58                PROVIDE (__ram_rodata_start, ABSOLUTE (.))
                0x00000000000a4f58                . = ALIGN (0x4)
 *(.rodata .rodata.* .gnu.linkonce.r.*)
 .rodata        0x00000000000a4f58       0x5a obj/default/main_range_finder.o
 *fill*         0x00000000000a4fb2        0x2 
 .rodata        0x00000000000a4fb4       0x35 obj/default/task_avg_range_code.o
 *fill*         0x00000000000a4fe9        0x3 
 .rodata        0x00000000000a4fec       0x3e obj/default/task_range_code.o
 *fill*         0x00000000000a502a        0x2 
 .rodata        0x00000000000a502c       0x31 obj/default/task_range_print_code.o
 *fill*         0x00000000000a505d        0x3 
 .rodata        0x00000000000a5060       0x34 obj/default/task_servo_position_code.o
 .rodata.str1.4
                0x00000000000a5094        0x4 c:/intelfpga_lite/18.1/nios2eds/bin/gnu/h-x86_64-mingw32/bin/../lib/gcc/nios2-elf/5.3.0/../../../../../H-x86_64-mingw32/nios2-elf/lib/mno-hw-mul\libsmallc.a(lib_a-puts.o)
                                          0x2 (size before relaxing)
 .rodata        0x00000000000a5098        0xf ../Range_Finder_bsp/\libhal_bsp.a(alt_main.o)
 *fill*         0x00000000000a50a7        0x1 
 .rodata        0x00000000000a50a8        0xf ../Range_Finder_bsp/\libhal_bsp.a(alt_sys_init.o)
 *fill*         0x00000000000a50b7        0x1 
 .rodata        0x00000000000a50b8       0x1e ../Range_Finder_bsp/\libhal_bsp.a(sierra.o)
 *fill*         0x00000000000a50d6        0x2 
 .rodata        0x00000000000a50d8      0x117 ../Range_Finder_bsp/\libhal_bsp.a(soft_drivers.o)
 *fill*         0x00000000000a51ef        0x1 
 .rodata        0x00000000000a51f0        0xa ../Range_Finder_bsp/\libhal_bsp.a(alt_dev.o)
 *fill*         0x00000000000a51fa        0x2 
 .rodata        0x00000000000a51fc      0x2f8 ../Range_Finder_bsp/\libhal_bsp.a(char_map.o)
                0x00000000000a51fc                font32upper
                0x00000000000a5378                font32lower
 *(.rodata1)
                0x00000000000a54f4                . = ALIGN (0x4)
                0x00000000000a54f4                PROVIDE (__ram_rodata_end, ABSOLUTE (.))
                0x00000000000a4f58                PROVIDE (__flash_rodata_start, LOADADDR (.rodata))

.rwdata         0x00000000000a54f4      0x378 load address 0x00000000000a586c
                0x00000000000a54f4                PROVIDE (__ram_rwdata_start, ABSOLUTE (.))
                0x00000000000a54f4                . = ALIGN (0x4)
 *(.got.plt)
 *(.got)
 *(.data1)
 *(.data .data.* .gnu.linkonce.d.*)
 .data          0x00000000000a54f4        0x0 ../Range_Finder_bsp//obj/HAL/src/crt0.o
 .data          0x00000000000a54f4        0x0 obj/default/main_range_finder.o
 .data          0x00000000000a54f4        0x0 obj/default/task_avg_range_code.o
 .data          0x00000000000a54f4        0x0 obj/default/task_idle_code.o
 .data          0x00000000000a54f4        0x0 obj/default/task_range_code.o
 .data          0x00000000000a54f4        0x0 obj/default/task_range_print_code.o
 .data          0x00000000000a54f4       0xa0 obj/default/task_servo_position_code.o
                0x00000000000a54f4                circleData
 .data          0x00000000000a5594        0x0 c:/intelfpga_lite/18.1/nios2eds/bin/gnu/h-x86_64-mingw32/bin/../lib/gcc/nios2-elf/5.3.0/mno-hw-mul\libgcc.a(lib2-divmod.o)
 .data          0x00000000000a5594        0x0 c:/intelfpga_lite/18.1/nios2eds/bin/gnu/h-x86_64-mingw32/bin/../lib/gcc/nios2-elf/5.3.0/../../../../../H-x86_64-mingw32/nios2-elf/lib/mno-hw-mul\libsmallc.a(lib_a-printf.o)
 .data          0x00000000000a5594        0x0 c:/intelfpga_lite/18.1/nios2eds/bin/gnu/h-x86_64-mingw32/bin/../lib/gcc/nios2-elf/5.3.0/../../../../../H-x86_64-mingw32/nios2-elf/lib/mno-hw-mul\libsmallc.a(lib_a-puts.o)
 .data          0x00000000000a5594        0x0 c:/intelfpga_lite/18.1/nios2eds/bin/gnu/h-x86_64-mingw32/bin/../lib/gcc/nios2-elf/5.3.0/../../../../../H-x86_64-mingw32/nios2-elf/lib/mno-hw-mul\libsmallc.a(lib_a-strlen.o)
 .data          0x00000000000a5594        0x0 c:/intelfpga_lite/18.1/nios2eds/bin/gnu/h-x86_64-mingw32/bin/../lib/gcc/nios2-elf/5.3.0/../../../../../H-x86_64-mingw32/nios2-elf/lib/mno-hw-mul\libsmallc.a(lib_a-vfprintf.o)
 .data          0x00000000000a5594        0x0 c:/intelfpga_lite/18.1/nios2eds/bin/gnu/h-x86_64-mingw32/bin/../lib/gcc/nios2-elf/5.3.0/../../../../../H-x86_64-mingw32/nios2-elf/lib/mno-hw-mul\libsmallc.a(lib_a-fvwrite_small_dev.o)
 .data          0x00000000000a5594        0x0 c:/intelfpga_lite/18.1/nios2eds/bin/gnu/h-x86_64-mingw32/bin/../lib/gcc/nios2-elf/5.3.0/../../../../../H-x86_64-mingw32/nios2-elf/lib/mno-hw-mul\libsmallc.a(lib_a-impure.o)
 .data.impure_data
                0x00000000000a5594       0xe0 c:/intelfpga_lite/18.1/nios2eds/bin/gnu/h-x86_64-mingw32/bin/../lib/gcc/nios2-elf/5.3.0/../../../../../H-x86_64-mingw32/nios2-elf/lib/mno-hw-mul\libsmallc.a(lib_a-impure.o)
 .data          0x00000000000a5674        0x0 c:/intelfpga_lite/18.1/nios2eds/bin/gnu/h-x86_64-mingw32/bin/../lib/gcc/nios2-elf/5.3.0/../../../../../H-x86_64-mingw32/nios2-elf/lib/mno-hw-mul\libsmallc.a(lib_a-writer.o)
 .data          0x00000000000a5674        0x0 c:/intelfpga_lite/18.1/nios2eds/bin/gnu/h-x86_64-mingw32/bin/../lib/gcc/nios2-elf/5.3.0/../../../../../H-x86_64-mingw32/nios2-elf/lib/mno-hw-mul\libsmallc.a(lib_a-int_errno.o)
 .data          0x00000000000a5674        0x0 c:/intelfpga_lite/18.1/nios2eds/bin/gnu/h-x86_64-mingw32/bin/../lib/gcc/nios2-elf/5.3.0/mno-hw-mul\libgcc.a(lib2-mul.o)
 .data          0x00000000000a5674        0x0 ../Range_Finder_bsp/\libhal_bsp.a(alt_load.o)
 .data          0x00000000000a5674        0x0 ../Range_Finder_bsp/\libhal_bsp.a(alt_main.o)
 .data          0x00000000000a5674        0x0 ../Range_Finder_bsp/\libhal_bsp.a(alt_write.o)
 .data          0x00000000000a5674       0x2c ../Range_Finder_bsp/\libhal_bsp.a(alt_sys_init.o)
 .data          0x00000000000a56a0        0x0 ../Range_Finder_bsp/\libhal_bsp.a(altera_avalon_jtag_uart_fd.o)
 .data          0x00000000000a56a0        0x0 ../Range_Finder_bsp/\libhal_bsp.a(altera_avalon_jtag_uart_read.o)
 .data          0x00000000000a56a0        0x0 ../Range_Finder_bsp/\libhal_bsp.a(altera_avalon_jtag_uart_write.o)
 .data          0x00000000000a56a0        0x0 ../Range_Finder_bsp/\libhal_bsp.a(draw_vga.o)
 .data          0x00000000000a56a0        0x0 ../Range_Finder_bsp/\libhal_bsp.a(sierra.o)
 .data          0x00000000000a56a0        0x0 ../Range_Finder_bsp/\libhal_bsp.a(sierra_sem.o)
 .data          0x00000000000a56a0        0x0 ../Range_Finder_bsp/\libhal_bsp.a(sierra_task.o)
 .data          0x00000000000a56a0        0x0 ../Range_Finder_bsp/\libhal_bsp.a(sierra_time.o)
 .data          0x00000000000a56a0        0x0 ../Range_Finder_bsp/\libhal_bsp.a(soft_drivers.o)
 .data          0x00000000000a56a0        0x0 ../Range_Finder_bsp/\libhal_bsp.a(alt_close.o)
 .data          0x00000000000a56a0        0x0 ../Range_Finder_bsp/\libhal_bsp.a(alt_dcache_flush_all.o)
 .data          0x00000000000a56a0      0x1a8 ../Range_Finder_bsp/\libhal_bsp.a(alt_dev.o)
                0x00000000000a56a0                alt_dev_null
                0x00000000000a56c8                alt_fd_list
 .data          0x00000000000a5848        0x0 ../Range_Finder_bsp/\libhal_bsp.a(alt_dev_llist_insert.o)
 .data          0x00000000000a5848        0x0 ../Range_Finder_bsp/\libhal_bsp.a(alt_errno.o)
 .data          0x00000000000a5848        0x0 ../Range_Finder_bsp/\libhal_bsp.a(alt_icache_flush_all.o)
 .data          0x00000000000a5848        0x0 ../Range_Finder_bsp/\libhal_bsp.a(alt_io_redirect.o)
 .data          0x00000000000a5848        0x0 ../Range_Finder_bsp/\libhal_bsp.a(alt_irq_register.o)
 .data          0x00000000000a5848        0x0 ../Range_Finder_bsp/\libhal_bsp.a(alt_irq_vars.o)
 .data          0x00000000000a5848        0x0 ../Range_Finder_bsp/\libhal_bsp.a(alt_open.o)
 .data          0x00000000000a5848        0x0 ../Range_Finder_bsp/\libhal_bsp.a(alt_release_fd.o)
 .data          0x00000000000a5848        0x0 ../Range_Finder_bsp/\libhal_bsp.a(altera_nios2_gen2_irq.o)
 .data          0x00000000000a5848        0x0 ../Range_Finder_bsp/\libhal_bsp.a(char_map.o)
 .data          0x00000000000a5848        0x0 ../Range_Finder_bsp/\libhal_bsp.a(csw.o)
 .data          0x00000000000a5848        0x0 ../Range_Finder_bsp/\libhal_bsp.a(alt_find_dev.o)
 .data          0x00000000000a5848        0x0 ../Range_Finder_bsp/\libhal_bsp.a(alt_find_file.o)
 .data          0x00000000000a5848        0x0 ../Range_Finder_bsp/\libhal_bsp.a(alt_get_fd.o)
 .data          0x00000000000a5848        0x0 ../Range_Finder_bsp/\libhal_bsp.a(alt_irq_entry.o)
 .data          0x00000000000a5848        0x0 ../Range_Finder_bsp/\libhal_bsp.a(alt_irq_handler.o)
 .data          0x00000000000a5848        0x0 ../Range_Finder_bsp/\libhal_bsp.a(alt_exception_entry.o)
 .data          0x00000000000a5848        0x0 ../Range_Finder_bsp/\libhal_bsp.a(alt_exception_trap.o)
 .data          0x00000000000a5848        0x0 c:/intelfpga_lite/18.1/nios2eds/bin/gnu/h-x86_64-mingw32/bin/../lib/gcc/nios2-elf/5.3.0/../../../../../H-x86_64-mingw32/nios2-elf/lib/mno-hw-mul\libsmallc.a(lib_a-exit.o)
 .data          0x00000000000a5848        0x0 c:/intelfpga_lite/18.1/nios2eds/bin/gnu/h-x86_64-mingw32/bin/../lib/gcc/nios2-elf/5.3.0/../../../../../H-x86_64-mingw32/nios2-elf/lib/mno-hw-mul\libsmallc.a(lib_a-memcmp.o)
 .data          0x00000000000a5848        0x0 c:/intelfpga_lite/18.1/nios2eds/bin/gnu/h-x86_64-mingw32/bin/../lib/gcc/nios2-elf/5.3.0/../../../../../H-x86_64-mingw32/nios2-elf/lib/mno-hw-mul\libsmallc.a(lib_a-__call_atexit.o)
 .data          0x00000000000a5848        0x0 ../Range_Finder_bsp/\libhal_bsp.a(alt_exit.o)
                0x00000000000ad848                _gp = ABSOLUTE ((. + 0x8000))
                [!provide]                        PROVIDE (gp, _gp)
 *(.rwdata .rwdata.*)
 *(.sdata .sdata.* .gnu.linkonce.s.*)
 .sdata._global_impure_ptr
                0x00000000000a5848        0x4 c:/intelfpga_lite/18.1/nios2eds/bin/gnu/h-x86_64-mingw32/bin/../lib/gcc/nios2-elf/5.3.0/../../../../../H-x86_64-mingw32/nios2-elf/lib/mno-hw-mul\libsmallc.a(lib_a-impure.o)
                0x00000000000a5848                _global_impure_ptr
 .sdata._impure_ptr
                0x00000000000a584c        0x4 c:/intelfpga_lite/18.1/nios2eds/bin/gnu/h-x86_64-mingw32/bin/../lib/gcc/nios2-elf/5.3.0/../../../../../H-x86_64-mingw32/nios2-elf/lib/mno-hw-mul\libsmallc.a(lib_a-impure.o)
                0x00000000000a584c                _impure_ptr
 .sdata         0x00000000000a5850       0x14 ../Range_Finder_bsp/\libhal_bsp.a(alt_dev.o)
                0x00000000000a5850                alt_fs_list
                0x00000000000a5858                alt_dev_list
                0x00000000000a5860                alt_max_fd
 .sdata         0x00000000000a5864        0x4 ../Range_Finder_bsp/\libhal_bsp.a(alt_errno.o)
                0x00000000000a5864                alt_errno
 .sdata         0x00000000000a5868        0x4 ../Range_Finder_bsp/\libhal_bsp.a(alt_irq_vars.o)
                0x00000000000a5868                alt_priority_mask
 *(.sdata2 .sdata2.* .gnu.linkonce.s2.*)
                0x00000000000a586c                . = ALIGN (0x4)
                0x00000000000a586c                _edata = ABSOLUTE (.)
                [!provide]                        PROVIDE (edata, ABSOLUTE (.))
                0x00000000000a586c                PROVIDE (__ram_rwdata_end, ABSOLUTE (.))
                0x00000000000a586c                PROVIDE (__flash_rwdata_start, LOADADDR (.rwdata))

.bss            0x00000000000a5be4     0x1538
                0x00000000000a5be4                __bss_start = ABSOLUTE (.)
                [!provide]                        PROVIDE (__sbss_start, ABSOLUTE (.))
                [!provide]                        PROVIDE (___sbss_start, ABSOLUTE (.))
 *(.dynsbss)
 *(.sbss .sbss.* .gnu.linkonce.sb.*)
 .sbss          0x00000000000a5be4       0x18 obj/default/main_range_finder.o
                0x00000000000a5be4                x_val
                0x00000000000a5be8                distance
                0x00000000000a5bec                dist_avg
                0x00000000000a5bf0                m_pos
                0x00000000000a5bf4                dist_sum
                0x00000000000a5bf8                y_val
 .sbss          0x00000000000a5bfc        0x4 c:/intelfpga_lite/18.1/nios2eds/bin/gnu/h-x86_64-mingw32/bin/../lib/gcc/nios2-elf/5.3.0/../../../../../H-x86_64-mingw32/nios2-elf/lib/mno-hw-mul\libsmallc.a(lib_a-int_errno.o)
                0x00000000000a5bfc                errno
 .sbss          0x00000000000a5c00        0xc ../Range_Finder_bsp/\libhal_bsp.a(alt_main.o)
                0x00000000000a5c00                alt_argc
                0x00000000000a5c04                alt_argv
                0x00000000000a5c08                alt_envp
 .sbss          0x00000000000a5c0c        0xa ../Range_Finder_bsp/\libhal_bsp.a(sierra.o)
                0x00000000000a5c0c                first_csw
                0x00000000000a5c10                current_tcb
                0x00000000000a5c14                NEXT_TASKID
                0x00000000000a5c15                RUNNING_TASKID
 *fill*         0x00000000000a5c16        0x2 
 .sbss          0x00000000000a5c18        0x4 ../Range_Finder_bsp/\libhal_bsp.a(alt_irq_vars.o)
                0x00000000000a5c18                alt_irq_active
 *(.sbss2 .sbss2.* .gnu.linkonce.sb2.*)
 *(.scommon)
                [!provide]                        PROVIDE (__sbss_end, ABSOLUTE (.))
                [!provide]                        PROVIDE (___sbss_end, ABSOLUTE (.))
 *(.dynbss)
 *(.bss .bss.* .gnu.linkonce.b.*)
 .bss           0x00000000000a5c1c        0x0 ../Range_Finder_bsp//obj/HAL/src/crt0.o
 .bss           0x00000000000a5c1c        0x0 obj/default/main_range_finder.o
 .bss           0x00000000000a5c1c        0x0 obj/default/task_avg_range_code.o
 .bss           0x00000000000a5c1c        0x0 obj/default/task_idle_code.o
 .bss           0x00000000000a5c1c        0x0 obj/default/task_range_code.o
 .bss           0x00000000000a5c1c        0x0 obj/default/task_range_print_code.o
 .bss           0x00000000000a5c1c        0x0 obj/default/task_servo_position_code.o
 .bss           0x00000000000a5c1c        0x0 c:/intelfpga_lite/18.1/nios2eds/bin/gnu/h-x86_64-mingw32/bin/../lib/gcc/nios2-elf/5.3.0/mno-hw-mul\libgcc.a(lib2-divmod.o)
 .bss           0x00000000000a5c1c        0x0 c:/intelfpga_lite/18.1/nios2eds/bin/gnu/h-x86_64-mingw32/bin/../lib/gcc/nios2-elf/5.3.0/../../../../../H-x86_64-mingw32/nios2-elf/lib/mno-hw-mul\libsmallc.a(lib_a-printf.o)
 .bss           0x00000000000a5c1c        0x0 c:/intelfpga_lite/18.1/nios2eds/bin/gnu/h-x86_64-mingw32/bin/../lib/gcc/nios2-elf/5.3.0/../../../../../H-x86_64-mingw32/nios2-elf/lib/mno-hw-mul\libsmallc.a(lib_a-puts.o)
 .bss           0x00000000000a5c1c        0x0 c:/intelfpga_lite/18.1/nios2eds/bin/gnu/h-x86_64-mingw32/bin/../lib/gcc/nios2-elf/5.3.0/../../../../../H-x86_64-mingw32/nios2-elf/lib/mno-hw-mul\libsmallc.a(lib_a-strlen.o)
 .bss           0x00000000000a5c1c        0x0 c:/intelfpga_lite/18.1/nios2eds/bin/gnu/h-x86_64-mingw32/bin/../lib/gcc/nios2-elf/5.3.0/../../../../../H-x86_64-mingw32/nios2-elf/lib/mno-hw-mul\libsmallc.a(lib_a-vfprintf.o)
 .bss           0x00000000000a5c1c        0x0 c:/intelfpga_lite/18.1/nios2eds/bin/gnu/h-x86_64-mingw32/bin/../lib/gcc/nios2-elf/5.3.0/../../../../../H-x86_64-mingw32/nios2-elf/lib/mno-hw-mul\libsmallc.a(lib_a-fvwrite_small_dev.o)
 .bss           0x00000000000a5c1c        0x0 c:/intelfpga_lite/18.1/nios2eds/bin/gnu/h-x86_64-mingw32/bin/../lib/gcc/nios2-elf/5.3.0/../../../../../H-x86_64-mingw32/nios2-elf/lib/mno-hw-mul\libsmallc.a(lib_a-impure.o)
 .bss           0x00000000000a5c1c        0x0 c:/intelfpga_lite/18.1/nios2eds/bin/gnu/h-x86_64-mingw32/bin/../lib/gcc/nios2-elf/5.3.0/../../../../../H-x86_64-mingw32/nios2-elf/lib/mno-hw-mul\libsmallc.a(lib_a-writer.o)
 .bss           0x00000000000a5c1c        0x0 c:/intelfpga_lite/18.1/nios2eds/bin/gnu/h-x86_64-mingw32/bin/../lib/gcc/nios2-elf/5.3.0/../../../../../H-x86_64-mingw32/nios2-elf/lib/mno-hw-mul\libsmallc.a(lib_a-int_errno.o)
 .bss           0x00000000000a5c1c        0x0 c:/intelfpga_lite/18.1/nios2eds/bin/gnu/h-x86_64-mingw32/bin/../lib/gcc/nios2-elf/5.3.0/mno-hw-mul\libgcc.a(lib2-mul.o)
 .bss           0x00000000000a5c1c        0x0 ../Range_Finder_bsp/\libhal_bsp.a(alt_load.o)
 .bss           0x00000000000a5c1c        0x0 ../Range_Finder_bsp/\libhal_bsp.a(alt_main.o)
 .bss           0x00000000000a5c1c        0x0 ../Range_Finder_bsp/\libhal_bsp.a(alt_write.o)
 .bss           0x00000000000a5c1c        0x0 ../Range_Finder_bsp/\libhal_bsp.a(alt_sys_init.o)
 .bss           0x00000000000a5c1c        0x0 ../Range_Finder_bsp/\libhal_bsp.a(altera_avalon_jtag_uart_fd.o)
 .bss           0x00000000000a5c1c        0x0 ../Range_Finder_bsp/\libhal_bsp.a(altera_avalon_jtag_uart_read.o)
 .bss           0x00000000000a5c1c        0x0 ../Range_Finder_bsp/\libhal_bsp.a(altera_avalon_jtag_uart_write.o)
 .bss           0x00000000000a5c1c        0x0 ../Range_Finder_bsp/\libhal_bsp.a(draw_vga.o)
 .bss           0x00000000000a5c1c        0x0 ../Range_Finder_bsp/\libhal_bsp.a(sierra.o)
 .bss           0x00000000000a5c1c        0x0 ../Range_Finder_bsp/\libhal_bsp.a(sierra_sem.o)
 .bss           0x00000000000a5c1c        0x0 ../Range_Finder_bsp/\libhal_bsp.a(sierra_task.o)
 .bss           0x00000000000a5c1c        0x0 ../Range_Finder_bsp/\libhal_bsp.a(sierra_time.o)
 .bss           0x00000000000a5c1c        0x0 ../Range_Finder_bsp/\libhal_bsp.a(soft_drivers.o)
 .bss           0x00000000000a5c1c        0x0 ../Range_Finder_bsp/\libhal_bsp.a(alt_close.o)
 .bss           0x00000000000a5c1c        0x0 ../Range_Finder_bsp/\libhal_bsp.a(alt_dcache_flush_all.o)
 .bss           0x00000000000a5c1c        0x0 ../Range_Finder_bsp/\libhal_bsp.a(alt_dev.o)
 .bss           0x00000000000a5c1c        0x0 ../Range_Finder_bsp/\libhal_bsp.a(alt_dev_llist_insert.o)
 .bss           0x00000000000a5c1c        0x0 ../Range_Finder_bsp/\libhal_bsp.a(alt_errno.o)
 .bss           0x00000000000a5c1c        0x0 ../Range_Finder_bsp/\libhal_bsp.a(alt_icache_flush_all.o)
 .bss           0x00000000000a5c1c        0x0 ../Range_Finder_bsp/\libhal_bsp.a(alt_io_redirect.o)
 .bss           0x00000000000a5c1c        0x0 ../Range_Finder_bsp/\libhal_bsp.a(alt_irq_register.o)
 .bss           0x00000000000a5c1c        0x0 ../Range_Finder_bsp/\libhal_bsp.a(alt_irq_vars.o)
 .bss           0x00000000000a5c1c        0x0 ../Range_Finder_bsp/\libhal_bsp.a(alt_open.o)
 .bss           0x00000000000a5c1c        0x0 ../Range_Finder_bsp/\libhal_bsp.a(alt_release_fd.o)
 .bss           0x00000000000a5c1c        0x0 ../Range_Finder_bsp/\libhal_bsp.a(altera_nios2_gen2_irq.o)
 .bss           0x00000000000a5c1c        0x0 ../Range_Finder_bsp/\libhal_bsp.a(char_map.o)
 .bss           0x00000000000a5c1c        0x0 ../Range_Finder_bsp/\libhal_bsp.a(csw.o)
 .bss           0x00000000000a5c1c        0x0 ../Range_Finder_bsp/\libhal_bsp.a(alt_find_dev.o)
 .bss           0x00000000000a5c1c        0x0 ../Range_Finder_bsp/\libhal_bsp.a(alt_find_file.o)
 .bss           0x00000000000a5c1c        0x0 ../Range_Finder_bsp/\libhal_bsp.a(alt_get_fd.o)
 .bss           0x00000000000a5c1c        0x0 ../Range_Finder_bsp/\libhal_bsp.a(alt_irq_entry.o)
 .bss           0x00000000000a5c1c        0x0 ../Range_Finder_bsp/\libhal_bsp.a(alt_irq_handler.o)
 .bss           0x00000000000a5c1c        0x0 ../Range_Finder_bsp/\libhal_bsp.a(alt_exception_entry.o)
 .bss           0x00000000000a5c1c        0x0 ../Range_Finder_bsp/\libhal_bsp.a(alt_exception_trap.o)
 .bss           0x00000000000a5c1c        0x0 c:/intelfpga_lite/18.1/nios2eds/bin/gnu/h-x86_64-mingw32/bin/../lib/gcc/nios2-elf/5.3.0/../../../../../H-x86_64-mingw32/nios2-elf/lib/mno-hw-mul\libsmallc.a(lib_a-exit.o)
 .bss           0x00000000000a5c1c        0x0 c:/intelfpga_lite/18.1/nios2eds/bin/gnu/h-x86_64-mingw32/bin/../lib/gcc/nios2-elf/5.3.0/../../../../../H-x86_64-mingw32/nios2-elf/lib/mno-hw-mul\libsmallc.a(lib_a-memcmp.o)
 .bss           0x00000000000a5c1c        0x0 c:/intelfpga_lite/18.1/nios2eds/bin/gnu/h-x86_64-mingw32/bin/../lib/gcc/nios2-elf/5.3.0/../../../../../H-x86_64-mingw32/nios2-elf/lib/mno-hw-mul\libsmallc.a(lib_a-__call_atexit.o)
 .bss           0x00000000000a5c1c        0x0 ../Range_Finder_bsp/\libhal_bsp.a(alt_exit.o)
 *(COMMON)
 COMMON         0x00000000000a5c1c      0xfa0 obj/default/main_range_finder.o
                0x00000000000a5c1c                task_avg_range_stack
                0x00000000000a5f3c                task_servo_position_stack
                0x00000000000a625c                idle_stack
                0x00000000000a657c                task_range_stack
                0x00000000000a689c                task_range_print_stack
 COMMON         0x00000000000a6bbc      0x460 ../Range_Finder_bsp/\libhal_bsp.a(sierra.o)
                0x00000000000a6bbc                TCB_LIST
 COMMON         0x00000000000a701c      0x100 ../Range_Finder_bsp/\libhal_bsp.a(alt_irq_handler.o)
                0x00000000000a701c                alt_irq
                0x00000000000a711c                . = ALIGN (0x4)
                0x00000000000a711c                __bss_end = ABSOLUTE (.)

.onchip_ram     0x00000000000a711c        0x0
                [!provide]                        PROVIDE (_alt_partition_onchip_ram_start, ABSOLUTE (.))
 *(.onchip_ram .onchip_ram. onchip_ram.*)
                0x00000000000a711c                . = ALIGN (0x4)
                [!provide]                        PROVIDE (_alt_partition_onchip_ram_end, ABSOLUTE (.))
                0x00000000000a711c                _end = ABSOLUTE (.)
                0x00000000000a711c                end = ABSOLUTE (.)
                0x00000000000a711c                __alt_stack_base = ABSOLUTE (.)
                [!provide]                        PROVIDE (_alt_partition_onchip_ram_load_addr, LOADADDR (.onchip_ram))

.stab
 *(.stab)

.stabstr
 *(.stabstr)

.stab.excl
 *(.stab.excl)

.stab.exclstr
 *(.stab.exclstr)

.stab.index
 *(.stab.index)

.stab.indexstr
 *(.stab.indexstr)

.comment        0x0000000000000000       0x23
 *(.comment)
 .comment       0x0000000000000000       0x23 obj/default/main_range_finder.o
                                         0x24 (size before relaxing)
 .comment       0x0000000000000023       0x24 obj/default/task_avg_range_code.o
 .comment       0x0000000000000023       0x24 obj/default/task_idle_code.o
 .comment       0x0000000000000023       0x24 obj/default/task_range_code.o
 .comment       0x0000000000000023       0x24 obj/default/task_range_print_code.o
 .comment       0x0000000000000023       0x24 obj/default/task_servo_position_code.o
 .comment       0x0000000000000023       0x24 c:/intelfpga_lite/18.1/nios2eds/bin/gnu/h-x86_64-mingw32/bin/../lib/gcc/nios2-elf/5.3.0/mno-hw-mul\libgcc.a(lib2-divmod.o)
 .comment       0x0000000000000023       0x24 c:/intelfpga_lite/18.1/nios2eds/bin/gnu/h-x86_64-mingw32/bin/../lib/gcc/nios2-elf/5.3.0/../../../../../H-x86_64-mingw32/nios2-elf/lib/mno-hw-mul\libsmallc.a(lib_a-printf.o)
 .comment       0x0000000000000023       0x24 c:/intelfpga_lite/18.1/nios2eds/bin/gnu/h-x86_64-mingw32/bin/../lib/gcc/nios2-elf/5.3.0/../../../../../H-x86_64-mingw32/nios2-elf/lib/mno-hw-mul\libsmallc.a(lib_a-puts.o)
 .comment       0x0000000000000023       0x24 c:/intelfpga_lite/18.1/nios2eds/bin/gnu/h-x86_64-mingw32/bin/../lib/gcc/nios2-elf/5.3.0/../../../../../H-x86_64-mingw32/nios2-elf/lib/mno-hw-mul\libsmallc.a(lib_a-strlen.o)
 .comment       0x0000000000000023       0x24 c:/intelfpga_lite/18.1/nios2eds/bin/gnu/h-x86_64-mingw32/bin/../lib/gcc/nios2-elf/5.3.0/../../../../../H-x86_64-mingw32/nios2-elf/lib/mno-hw-mul\libsmallc.a(lib_a-vfprintf.o)
 .comment       0x0000000000000023       0x24 c:/intelfpga_lite/18.1/nios2eds/bin/gnu/h-x86_64-mingw32/bin/../lib/gcc/nios2-elf/5.3.0/../../../../../H-x86_64-mingw32/nios2-elf/lib/mno-hw-mul\libsmallc.a(lib_a-fvwrite_small_dev.o)
 .comment       0x0000000000000023       0x24 c:/intelfpga_lite/18.1/nios2eds/bin/gnu/h-x86_64-mingw32/bin/../lib/gcc/nios2-elf/5.3.0/../../../../../H-x86_64-mingw32/nios2-elf/lib/mno-hw-mul\libsmallc.a(lib_a-impure.o)
 .comment       0x0000000000000023       0x24 c:/intelfpga_lite/18.1/nios2eds/bin/gnu/h-x86_64-mingw32/bin/../lib/gcc/nios2-elf/5.3.0/../../../../../H-x86_64-mingw32/nios2-elf/lib/mno-hw-mul\libsmallc.a(lib_a-writer.o)
 .comment       0x0000000000000023       0x24 c:/intelfpga_lite/18.1/nios2eds/bin/gnu/h-x86_64-mingw32/bin/../lib/gcc/nios2-elf/5.3.0/../../../../../H-x86_64-mingw32/nios2-elf/lib/mno-hw-mul\libsmallc.a(lib_a-int_errno.o)
 .comment       0x0000000000000023       0x24 c:/intelfpga_lite/18.1/nios2eds/bin/gnu/h-x86_64-mingw32/bin/../lib/gcc/nios2-elf/5.3.0/mno-hw-mul\libgcc.a(lib2-mul.o)
 .comment       0x0000000000000023       0x24 ../Range_Finder_bsp/\libhal_bsp.a(alt_load.o)
 .comment       0x0000000000000023       0x24 ../Range_Finder_bsp/\libhal_bsp.a(alt_main.o)
 .comment       0x0000000000000023       0x24 ../Range_Finder_bsp/\libhal_bsp.a(alt_write.o)
 .comment       0x0000000000000023       0x24 ../Range_Finder_bsp/\libhal_bsp.a(alt_sys_init.o)
 .comment       0x0000000000000023       0x24 ../Range_Finder_bsp/\libhal_bsp.a(altera_avalon_jtag_uart_fd.o)
 .comment       0x0000000000000023       0x24 ../Range_Finder_bsp/\libhal_bsp.a(altera_avalon_jtag_uart_read.o)
 .comment       0x0000000000000023       0x24 ../Range_Finder_bsp/\libhal_bsp.a(altera_avalon_jtag_uart_write.o)
 .comment       0x0000000000000023       0x24 ../Range_Finder_bsp/\libhal_bsp.a(draw_vga.o)
 .comment       0x0000000000000023       0x24 ../Range_Finder_bsp/\libhal_bsp.a(sierra.o)
 .comment       0x0000000000000023       0x24 ../Range_Finder_bsp/\libhal_bsp.a(sierra_sem.o)
 .comment       0x0000000000000023       0x24 ../Range_Finder_bsp/\libhal_bsp.a(sierra_task.o)
 .comment       0x0000000000000023       0x24 ../Range_Finder_bsp/\libhal_bsp.a(sierra_time.o)
 .comment       0x0000000000000023       0x24 ../Range_Finder_bsp/\libhal_bsp.a(soft_drivers.o)
 .comment       0x0000000000000023       0x24 ../Range_Finder_bsp/\libhal_bsp.a(alt_close.o)
 .comment       0x0000000000000023       0x24 ../Range_Finder_bsp/\libhal_bsp.a(alt_dcache_flush_all.o)
 .comment       0x0000000000000023       0x24 ../Range_Finder_bsp/\libhal_bsp.a(alt_dev.o)
 .comment       0x0000000000000023       0x24 ../Range_Finder_bsp/\libhal_bsp.a(alt_dev_llist_insert.o)
 .comment       0x0000000000000023       0x24 ../Range_Finder_bsp/\libhal_bsp.a(alt_errno.o)
 .comment       0x0000000000000023       0x24 ../Range_Finder_bsp/\libhal_bsp.a(alt_icache_flush_all.o)
 .comment       0x0000000000000023       0x24 ../Range_Finder_bsp/\libhal_bsp.a(alt_io_redirect.o)
 .comment       0x0000000000000023       0x24 ../Range_Finder_bsp/\libhal_bsp.a(alt_irq_register.o)
 .comment       0x0000000000000023       0x24 ../Range_Finder_bsp/\libhal_bsp.a(alt_irq_vars.o)
 .comment       0x0000000000000023       0x24 ../Range_Finder_bsp/\libhal_bsp.a(alt_open.o)
 .comment       0x0000000000000023       0x24 ../Range_Finder_bsp/\libhal_bsp.a(alt_release_fd.o)
 .comment       0x0000000000000023       0x24 ../Range_Finder_bsp/\libhal_bsp.a(altera_nios2_gen2_irq.o)
 .comment       0x0000000000000023       0x24 ../Range_Finder_bsp/\libhal_bsp.a(char_map.o)
 .comment       0x0000000000000023       0x24 ../Range_Finder_bsp/\libhal_bsp.a(alt_find_dev.o)
 .comment       0x0000000000000023       0x24 ../Range_Finder_bsp/\libhal_bsp.a(alt_find_file.o)
 .comment       0x0000000000000023       0x24 ../Range_Finder_bsp/\libhal_bsp.a(alt_get_fd.o)
 .comment       0x0000000000000023       0x24 ../Range_Finder_bsp/\libhal_bsp.a(alt_irq_handler.o)
 .comment       0x0000000000000023       0x24 c:/intelfpga_lite/18.1/nios2eds/bin/gnu/h-x86_64-mingw32/bin/../lib/gcc/nios2-elf/5.3.0/../../../../../H-x86_64-mingw32/nios2-elf/lib/mno-hw-mul\libsmallc.a(lib_a-exit.o)
 .comment       0x0000000000000023       0x24 c:/intelfpga_lite/18.1/nios2eds/bin/gnu/h-x86_64-mingw32/bin/../lib/gcc/nios2-elf/5.3.0/../../../../../H-x86_64-mingw32/nios2-elf/lib/mno-hw-mul\libsmallc.a(lib_a-memcmp.o)
 .comment       0x0000000000000023       0x24 c:/intelfpga_lite/18.1/nios2eds/bin/gnu/h-x86_64-mingw32/bin/../lib/gcc/nios2-elf/5.3.0/../../../../../H-x86_64-mingw32/nios2-elf/lib/mno-hw-mul\libsmallc.a(lib_a-__call_atexit.o)
 .comment       0x0000000000000023       0x24 ../Range_Finder_bsp/\libhal_bsp.a(alt_exit.o)

.exceptions.start
                0x0000000000000000        0x0
 .exceptions.start
                0x0000000000000000        0x0 ../Range_Finder_bsp/\libhal_bsp.a(alt_exception_trap.o)

.debug
 *(.debug)

.line
 *(.line)

.debug_srcinfo
 *(.debug_srcinfo)

.debug_sfnames
 *(.debug_sfnames)

.debug_aranges  0x0000000000000000      0x710
 *(.debug_aranges)
 .debug_aranges
                0x0000000000000000       0x28 ../Range_Finder_bsp//obj/HAL/src/crt0.o
 .debug_aranges
                0x0000000000000028       0x20 obj/default/main_range_finder.o
 .debug_aranges
                0x0000000000000048       0x20 obj/default/task_avg_range_code.o
 .debug_aranges
                0x0000000000000068       0x20 obj/default/task_idle_code.o
 .debug_aranges
                0x0000000000000088       0x20 obj/default/task_range_code.o
 .debug_aranges
                0x00000000000000a8       0x20 obj/default/task_range_print_code.o
 .debug_aranges
                0x00000000000000c8       0x20 obj/default/task_servo_position_code.o
 .debug_aranges
                0x00000000000000e8       0x20 c:/intelfpga_lite/18.1/nios2eds/bin/gnu/h-x86_64-mingw32/bin/../lib/gcc/nios2-elf/5.3.0/mno-hw-mul\libgcc.a(lib2-divmod.o)
 .debug_aranges
                0x0000000000000108       0x28 c:/intelfpga_lite/18.1/nios2eds/bin/gnu/h-x86_64-mingw32/bin/../lib/gcc/nios2-elf/5.3.0/../../../../../H-x86_64-mingw32/nios2-elf/lib/mno-hw-mul\libsmallc.a(lib_a-printf.o)
 .debug_aranges
                0x0000000000000130       0x28 c:/intelfpga_lite/18.1/nios2eds/bin/gnu/h-x86_64-mingw32/bin/../lib/gcc/nios2-elf/5.3.0/../../../../../H-x86_64-mingw32/nios2-elf/lib/mno-hw-mul\libsmallc.a(lib_a-puts.o)
 .debug_aranges
                0x0000000000000158       0x20 c:/intelfpga_lite/18.1/nios2eds/bin/gnu/h-x86_64-mingw32/bin/../lib/gcc/nios2-elf/5.3.0/../../../../../H-x86_64-mingw32/nios2-elf/lib/mno-hw-mul\libsmallc.a(lib_a-strlen.o)
 .debug_aranges
                0x0000000000000178       0x30 c:/intelfpga_lite/18.1/nios2eds/bin/gnu/h-x86_64-mingw32/bin/../lib/gcc/nios2-elf/5.3.0/../../../../../H-x86_64-mingw32/nios2-elf/lib/mno-hw-mul\libsmallc.a(lib_a-vfprintf.o)
 .debug_aranges
                0x00000000000001a8       0x20 c:/intelfpga_lite/18.1/nios2eds/bin/gnu/h-x86_64-mingw32/bin/../lib/gcc/nios2-elf/5.3.0/../../../../../H-x86_64-mingw32/nios2-elf/lib/mno-hw-mul\libsmallc.a(lib_a-fvwrite_small_dev.o)
 .debug_aranges
                0x00000000000001c8       0x18 c:/intelfpga_lite/18.1/nios2eds/bin/gnu/h-x86_64-mingw32/bin/../lib/gcc/nios2-elf/5.3.0/../../../../../H-x86_64-mingw32/nios2-elf/lib/mno-hw-mul\libsmallc.a(lib_a-impure.o)
 .debug_aranges
                0x00000000000001e0       0x20 c:/intelfpga_lite/18.1/nios2eds/bin/gnu/h-x86_64-mingw32/bin/../lib/gcc/nios2-elf/5.3.0/../../../../../H-x86_64-mingw32/nios2-elf/lib/mno-hw-mul\libsmallc.a(lib_a-writer.o)
 .debug_aranges
                0x0000000000000200       0x18 c:/intelfpga_lite/18.1/nios2eds/bin/gnu/h-x86_64-mingw32/bin/../lib/gcc/nios2-elf/5.3.0/../../../../../H-x86_64-mingw32/nios2-elf/lib/mno-hw-mul\libsmallc.a(lib_a-int_errno.o)
 .debug_aranges
                0x0000000000000218       0x20 c:/intelfpga_lite/18.1/nios2eds/bin/gnu/h-x86_64-mingw32/bin/../lib/gcc/nios2-elf/5.3.0/mno-hw-mul\libgcc.a(lib2-mul.o)
 .debug_aranges
                0x0000000000000238       0x20 ../Range_Finder_bsp/\libhal_bsp.a(alt_load.o)
 .debug_aranges
                0x0000000000000258       0x20 ../Range_Finder_bsp/\libhal_bsp.a(alt_main.o)
 .debug_aranges
                0x0000000000000278       0x20 ../Range_Finder_bsp/\libhal_bsp.a(alt_write.o)
 .debug_aranges
                0x0000000000000298       0x20 ../Range_Finder_bsp/\libhal_bsp.a(alt_sys_init.o)
 .debug_aranges
                0x00000000000002b8       0x20 ../Range_Finder_bsp/\libhal_bsp.a(altera_avalon_jtag_uart_fd.o)
 .debug_aranges
                0x00000000000002d8       0x20 ../Range_Finder_bsp/\libhal_bsp.a(altera_avalon_jtag_uart_read.o)
 .debug_aranges
                0x00000000000002f8       0x20 ../Range_Finder_bsp/\libhal_bsp.a(altera_avalon_jtag_uart_write.o)
 .debug_aranges
                0x0000000000000318       0x20 ../Range_Finder_bsp/\libhal_bsp.a(draw_vga.o)
 .debug_aranges
                0x0000000000000338       0x20 ../Range_Finder_bsp/\libhal_bsp.a(sierra.o)
 .debug_aranges
                0x0000000000000358       0x20 ../Range_Finder_bsp/\libhal_bsp.a(sierra_sem.o)
 .debug_aranges
                0x0000000000000378       0x20 ../Range_Finder_bsp/\libhal_bsp.a(sierra_task.o)
 .debug_aranges
                0x0000000000000398       0x20 ../Range_Finder_bsp/\libhal_bsp.a(sierra_time.o)
 .debug_aranges
                0x00000000000003b8       0x20 ../Range_Finder_bsp/\libhal_bsp.a(soft_drivers.o)
 .debug_aranges
                0x00000000000003d8       0x20 ../Range_Finder_bsp/\libhal_bsp.a(alt_close.o)
 .debug_aranges
                0x00000000000003f8       0x20 ../Range_Finder_bsp/\libhal_bsp.a(alt_dcache_flush_all.o)
 .debug_aranges
                0x0000000000000418       0x20 ../Range_Finder_bsp/\libhal_bsp.a(alt_dev.o)
 .debug_aranges
                0x0000000000000438       0x20 ../Range_Finder_bsp/\libhal_bsp.a(alt_dev_llist_insert.o)
 .debug_aranges
                0x0000000000000458       0x18 ../Range_Finder_bsp/\libhal_bsp.a(alt_errno.o)
 .debug_aranges
                0x0000000000000470       0x20 ../Range_Finder_bsp/\libhal_bsp.a(alt_icache_flush_all.o)
 .debug_aranges
                0x0000000000000490       0x20 ../Range_Finder_bsp/\libhal_bsp.a(alt_io_redirect.o)
 .debug_aranges
                0x00000000000004b0       0x20 ../Range_Finder_bsp/\libhal_bsp.a(alt_irq_register.o)
 .debug_aranges
                0x00000000000004d0       0x18 ../Range_Finder_bsp/\libhal_bsp.a(alt_irq_vars.o)
 .debug_aranges
                0x00000000000004e8       0x20 ../Range_Finder_bsp/\libhal_bsp.a(alt_open.o)
 .debug_aranges
                0x0000000000000508       0x20 ../Range_Finder_bsp/\libhal_bsp.a(alt_release_fd.o)
 .debug_aranges
                0x0000000000000528       0x20 ../Range_Finder_bsp/\libhal_bsp.a(altera_nios2_gen2_irq.o)
 .debug_aranges
                0x0000000000000548       0x20 ../Range_Finder_bsp/\libhal_bsp.a(char_map.o)
 .debug_aranges
                0x0000000000000568       0x20 ../Range_Finder_bsp/\libhal_bsp.a(csw.o)
 .debug_aranges
                0x0000000000000588       0x20 ../Range_Finder_bsp/\libhal_bsp.a(alt_find_dev.o)
 .debug_aranges
                0x00000000000005a8       0x20 ../Range_Finder_bsp/\libhal_bsp.a(alt_find_file.o)
 .debug_aranges
                0x00000000000005c8       0x20 ../Range_Finder_bsp/\libhal_bsp.a(alt_get_fd.o)
 .debug_aranges
                0x00000000000005e8       0x30 ../Range_Finder_bsp/\libhal_bsp.a(alt_irq_entry.o)
 .debug_aranges
                0x0000000000000618       0x20 ../Range_Finder_bsp/\libhal_bsp.a(alt_irq_handler.o)
 .debug_aranges
                0x0000000000000638       0x38 ../Range_Finder_bsp/\libhal_bsp.a(alt_exception_entry.o)
 .debug_aranges
                0x0000000000000670       0x20 ../Range_Finder_bsp/\libhal_bsp.a(alt_exception_trap.o)
 .debug_aranges
                0x0000000000000690       0x20 c:/intelfpga_lite/18.1/nios2eds/bin/gnu/h-x86_64-mingw32/bin/../lib/gcc/nios2-elf/5.3.0/../../../../../H-x86_64-mingw32/nios2-elf/lib/mno-hw-mul\libsmallc.a(lib_a-exit.o)
 .debug_aranges
                0x00000000000006b0       0x20 c:/intelfpga_lite/18.1/nios2eds/bin/gnu/h-x86_64-mingw32/bin/../lib/gcc/nios2-elf/5.3.0/../../../../../H-x86_64-mingw32/nios2-elf/lib/mno-hw-mul\libsmallc.a(lib_a-memcmp.o)
 .debug_aranges
                0x00000000000006d0       0x20 c:/intelfpga_lite/18.1/nios2eds/bin/gnu/h-x86_64-mingw32/bin/../lib/gcc/nios2-elf/5.3.0/../../../../../H-x86_64-mingw32/nios2-elf/lib/mno-hw-mul\libsmallc.a(lib_a-__call_atexit.o)
 .debug_aranges
                0x00000000000006f0       0x20 ../Range_Finder_bsp/\libhal_bsp.a(alt_exit.o)

.debug_pubnames
 *(.debug_pubnames)

.debug_info     0x0000000000000000     0xa9fb
 *(.debug_info .gnu.linkonce.wi.*)
 .debug_info    0x0000000000000000       0x81 ../Range_Finder_bsp//obj/HAL/src/crt0.o
 .debug_info    0x0000000000000081      0x1e5 obj/default/main_range_finder.o
 .debug_info    0x0000000000000266      0x20a obj/default/task_avg_range_code.o
 .debug_info    0x0000000000000470       0xf8 obj/default/task_idle_code.o
 .debug_info    0x0000000000000568      0x22d obj/default/task_range_code.o
 .debug_info    0x0000000000000795      0x303 obj/default/task_range_print_code.o
 .debug_info    0x0000000000000a98      0x2fc obj/default/task_servo_position_code.o
 .debug_info    0x0000000000000d94      0x2c6 c:/intelfpga_lite/18.1/nios2eds/bin/gnu/h-x86_64-mingw32/bin/../lib/gcc/nios2-elf/5.3.0/mno-hw-mul\libgcc.a(lib2-divmod.o)
 .debug_info    0x000000000000105a      0x699 c:/intelfpga_lite/18.1/nios2eds/bin/gnu/h-x86_64-mingw32/bin/../lib/gcc/nios2-elf/5.3.0/../../../../../H-x86_64-mingw32/nios2-elf/lib/mno-hw-mul\libsmallc.a(lib_a-printf.o)
 .debug_info    0x00000000000016f3      0x66d c:/intelfpga_lite/18.1/nios2eds/bin/gnu/h-x86_64-mingw32/bin/../lib/gcc/nios2-elf/5.3.0/../../../../../H-x86_64-mingw32/nios2-elf/lib/mno-hw-mul\libsmallc.a(lib_a-puts.o)
 .debug_info    0x0000000000001d60       0xc9 c:/intelfpga_lite/18.1/nios2eds/bin/gnu/h-x86_64-mingw32/bin/../lib/gcc/nios2-elf/5.3.0/../../../../../H-x86_64-mingw32/nios2-elf/lib/mno-hw-mul\libsmallc.a(lib_a-strlen.o)
 .debug_info    0x0000000000001e29      0xb2b c:/intelfpga_lite/18.1/nios2eds/bin/gnu/h-x86_64-mingw32/bin/../lib/gcc/nios2-elf/5.3.0/../../../../../H-x86_64-mingw32/nios2-elf/lib/mno-hw-mul\libsmallc.a(lib_a-vfprintf.o)
 .debug_info    0x0000000000002954      0x62b c:/intelfpga_lite/18.1/nios2eds/bin/gnu/h-x86_64-mingw32/bin/../lib/gcc/nios2-elf/5.3.0/../../../../../H-x86_64-mingw32/nios2-elf/lib/mno-hw-mul\libsmallc.a(lib_a-fvwrite_small_dev.o)
 .debug_info    0x0000000000002f7f      0x5a9 c:/intelfpga_lite/18.1/nios2eds/bin/gnu/h-x86_64-mingw32/bin/../lib/gcc/nios2-elf/5.3.0/../../../../../H-x86_64-mingw32/nios2-elf/lib/mno-hw-mul\libsmallc.a(lib_a-impure.o)
 .debug_info    0x0000000000003528      0x630 c:/intelfpga_lite/18.1/nios2eds/bin/gnu/h-x86_64-mingw32/bin/../lib/gcc/nios2-elf/5.3.0/../../../../../H-x86_64-mingw32/nios2-elf/lib/mno-hw-mul\libsmallc.a(lib_a-writer.o)
 .debug_info    0x0000000000003b58       0x8a c:/intelfpga_lite/18.1/nios2eds/bin/gnu/h-x86_64-mingw32/bin/../lib/gcc/nios2-elf/5.3.0/../../../../../H-x86_64-mingw32/nios2-elf/lib/mno-hw-mul\libsmallc.a(lib_a-int_errno.o)
 .debug_info    0x0000000000003be2       0xb4 c:/intelfpga_lite/18.1/nios2eds/bin/gnu/h-x86_64-mingw32/bin/../lib/gcc/nios2-elf/5.3.0/mno-hw-mul\libgcc.a(lib2-mul.o)
 .debug_info    0x0000000000003c96      0x145 ../Range_Finder_bsp/\libhal_bsp.a(alt_load.o)
 .debug_info    0x0000000000003ddb      0x131 ../Range_Finder_bsp/\libhal_bsp.a(alt_main.o)
 .debug_info    0x0000000000003f0c      0x4b7 ../Range_Finder_bsp/\libhal_bsp.a(alt_write.o)
 .debug_info    0x00000000000043c3      0x3c9 ../Range_Finder_bsp/\libhal_bsp.a(alt_sys_init.o)
 .debug_info    0x000000000000478c      0x3a7 ../Range_Finder_bsp/\libhal_bsp.a(altera_avalon_jtag_uart_fd.o)
 .debug_info    0x0000000000004b33      0x1b2 ../Range_Finder_bsp/\libhal_bsp.a(altera_avalon_jtag_uart_read.o)
 .debug_info    0x0000000000004ce5      0x195 ../Range_Finder_bsp/\libhal_bsp.a(altera_avalon_jtag_uart_write.o)
 .debug_info    0x0000000000004e7a      0x77c ../Range_Finder_bsp/\libhal_bsp.a(draw_vga.o)
 .debug_info    0x00000000000055f6      0x972 ../Range_Finder_bsp/\libhal_bsp.a(sierra.o)
 .debug_info    0x0000000000005f68      0x765 ../Range_Finder_bsp/\libhal_bsp.a(sierra_sem.o)
 .debug_info    0x00000000000066cd      0x975 ../Range_Finder_bsp/\libhal_bsp.a(sierra_task.o)
 .debug_info    0x0000000000007042      0x69a ../Range_Finder_bsp/\libhal_bsp.a(sierra_time.o)
 .debug_info    0x00000000000076dc      0x1b2 ../Range_Finder_bsp/\libhal_bsp.a(soft_drivers.o)
 .debug_info    0x000000000000788e      0x321 ../Range_Finder_bsp/\libhal_bsp.a(alt_close.o)
 .debug_info    0x0000000000007baf       0x92 ../Range_Finder_bsp/\libhal_bsp.a(alt_dcache_flush_all.o)
 .debug_info    0x0000000000007c41      0x49c ../Range_Finder_bsp/\libhal_bsp.a(alt_dev.o)
 .debug_info    0x00000000000080dd      0x1a9 ../Range_Finder_bsp/\libhal_bsp.a(alt_dev_llist_insert.o)
 .debug_info    0x0000000000008286       0xa6 ../Range_Finder_bsp/\libhal_bsp.a(alt_errno.o)
 .debug_info    0x000000000000832c       0x92 ../Range_Finder_bsp/\libhal_bsp.a(alt_icache_flush_all.o)
 .debug_info    0x00000000000083be      0x4a5 ../Range_Finder_bsp/\libhal_bsp.a(alt_io_redirect.o)
 .debug_info    0x0000000000008863      0x324 ../Range_Finder_bsp/\libhal_bsp.a(alt_irq_register.o)
 .debug_info    0x0000000000008b87       0x88 ../Range_Finder_bsp/\libhal_bsp.a(alt_irq_vars.o)
 .debug_info    0x0000000000008c0f      0x3bb ../Range_Finder_bsp/\libhal_bsp.a(alt_open.o)
 .debug_info    0x0000000000008fca      0x2b0 ../Range_Finder_bsp/\libhal_bsp.a(alt_release_fd.o)
 .debug_info    0x000000000000927a       0x92 ../Range_Finder_bsp/\libhal_bsp.a(altera_nios2_gen2_irq.o)
 .debug_info    0x000000000000930c      0x10c ../Range_Finder_bsp/\libhal_bsp.a(char_map.o)
 .debug_info    0x0000000000009418       0x88 ../Range_Finder_bsp/\libhal_bsp.a(csw.o)
 .debug_info    0x00000000000094a0      0x2e9 ../Range_Finder_bsp/\libhal_bsp.a(alt_find_dev.o)
 .debug_info    0x0000000000009789      0x2e6 ../Range_Finder_bsp/\libhal_bsp.a(alt_find_file.o)
 .debug_info    0x0000000000009a6f      0x310 ../Range_Finder_bsp/\libhal_bsp.a(alt_get_fd.o)
 .debug_info    0x0000000000009d7f       0x8a ../Range_Finder_bsp/\libhal_bsp.a(alt_irq_entry.o)
 .debug_info    0x0000000000009e09      0x187 ../Range_Finder_bsp/\libhal_bsp.a(alt_irq_handler.o)
 .debug_info    0x0000000000009f90       0x94 ../Range_Finder_bsp/\libhal_bsp.a(alt_exception_entry.o)
 .debug_info    0x000000000000a024       0x97 ../Range_Finder_bsp/\libhal_bsp.a(alt_exception_trap.o)
 .debug_info    0x000000000000a0bb       0xe5 c:/intelfpga_lite/18.1/nios2eds/bin/gnu/h-x86_64-mingw32/bin/../lib/gcc/nios2-elf/5.3.0/../../../../../H-x86_64-mingw32/nios2-elf/lib/mno-hw-mul\libsmallc.a(lib_a-exit.o)
 .debug_info    0x000000000000a1a0       0xf4 c:/intelfpga_lite/18.1/nios2eds/bin/gnu/h-x86_64-mingw32/bin/../lib/gcc/nios2-elf/5.3.0/../../../../../H-x86_64-mingw32/nios2-elf/lib/mno-hw-mul\libsmallc.a(lib_a-memcmp.o)
 .debug_info    0x000000000000a294      0x67b c:/intelfpga_lite/18.1/nios2eds/bin/gnu/h-x86_64-mingw32/bin/../lib/gcc/nios2-elf/5.3.0/../../../../../H-x86_64-mingw32/nios2-elf/lib/mno-hw-mul\libsmallc.a(lib_a-__call_atexit.o)
 .debug_info    0x000000000000a90f       0xec ../Range_Finder_bsp/\libhal_bsp.a(alt_exit.o)

.debug_abbrev   0x0000000000000000     0x3287
 *(.debug_abbrev)
 .debug_abbrev  0x0000000000000000       0x12 ../Range_Finder_bsp//obj/HAL/src/crt0.o
 .debug_abbrev  0x0000000000000012       0xad obj/default/main_range_finder.o
 .debug_abbrev  0x00000000000000bf       0xf8 obj/default/task_avg_range_code.o
 .debug_abbrev  0x00000000000001b7       0x65 obj/default/task_idle_code.o
 .debug_abbrev  0x000000000000021c       0xf8 obj/default/task_range_code.o
 .debug_abbrev  0x0000000000000314      0x106 obj/default/task_range_print_code.o
 .debug_abbrev  0x000000000000041a      0x14d obj/default/task_servo_position_code.o
 .debug_abbrev  0x0000000000000567      0x10e c:/intelfpga_lite/18.1/nios2eds/bin/gnu/h-x86_64-mingw32/bin/../lib/gcc/nios2-elf/5.3.0/mno-hw-mul\libgcc.a(lib2-divmod.o)
 .debug_abbrev  0x0000000000000675      0x1ee c:/intelfpga_lite/18.1/nios2eds/bin/gnu/h-x86_64-mingw32/bin/../lib/gcc/nios2-elf/5.3.0/../../../../../H-x86_64-mingw32/nios2-elf/lib/mno-hw-mul\libsmallc.a(lib_a-printf.o)
 .debug_abbrev  0x0000000000000863      0x1d6 c:/intelfpga_lite/18.1/nios2eds/bin/gnu/h-x86_64-mingw32/bin/../lib/gcc/nios2-elf/5.3.0/../../../../../H-x86_64-mingw32/nios2-elf/lib/mno-hw-mul\libsmallc.a(lib_a-puts.o)
 .debug_abbrev  0x0000000000000a39       0x7f c:/intelfpga_lite/18.1/nios2eds/bin/gnu/h-x86_64-mingw32/bin/../lib/gcc/nios2-elf/5.3.0/../../../../../H-x86_64-mingw32/nios2-elf/lib/mno-hw-mul\libsmallc.a(lib_a-strlen.o)
 .debug_abbrev  0x0000000000000ab8      0x2a1 c:/intelfpga_lite/18.1/nios2eds/bin/gnu/h-x86_64-mingw32/bin/../lib/gcc/nios2-elf/5.3.0/../../../../../H-x86_64-mingw32/nios2-elf/lib/mno-hw-mul\libsmallc.a(lib_a-vfprintf.o)
 .debug_abbrev  0x0000000000000d59      0x1bc c:/intelfpga_lite/18.1/nios2eds/bin/gnu/h-x86_64-mingw32/bin/../lib/gcc/nios2-elf/5.3.0/../../../../../H-x86_64-mingw32/nios2-elf/lib/mno-hw-mul\libsmallc.a(lib_a-fvwrite_small_dev.o)
 .debug_abbrev  0x0000000000000f15      0x14a c:/intelfpga_lite/18.1/nios2eds/bin/gnu/h-x86_64-mingw32/bin/../lib/gcc/nios2-elf/5.3.0/../../../../../H-x86_64-mingw32/nios2-elf/lib/mno-hw-mul\libsmallc.a(lib_a-impure.o)
 .debug_abbrev  0x000000000000105f      0x1a6 c:/intelfpga_lite/18.1/nios2eds/bin/gnu/h-x86_64-mingw32/bin/../lib/gcc/nios2-elf/5.3.0/../../../../../H-x86_64-mingw32/nios2-elf/lib/mno-hw-mul\libsmallc.a(lib_a-writer.o)
 .debug_abbrev  0x0000000000001205       0x37 c:/intelfpga_lite/18.1/nios2eds/bin/gnu/h-x86_64-mingw32/bin/../lib/gcc/nios2-elf/5.3.0/../../../../../H-x86_64-mingw32/nios2-elf/lib/mno-hw-mul\libsmallc.a(lib_a-int_errno.o)
 .debug_abbrev  0x000000000000123c       0x6f c:/intelfpga_lite/18.1/nios2eds/bin/gnu/h-x86_64-mingw32/bin/../lib/gcc/nios2-elf/5.3.0/mno-hw-mul\libgcc.a(lib2-mul.o)
 .debug_abbrev  0x00000000000012ab       0x9f ../Range_Finder_bsp/\libhal_bsp.a(alt_load.o)
 .debug_abbrev  0x000000000000134a       0xba ../Range_Finder_bsp/\libhal_bsp.a(alt_main.o)
 .debug_abbrev  0x0000000000001404      0x133 ../Range_Finder_bsp/\libhal_bsp.a(alt_write.o)
 .debug_abbrev  0x0000000000001537      0x157 ../Range_Finder_bsp/\libhal_bsp.a(alt_sys_init.o)
 .debug_abbrev  0x000000000000168e       0xf7 ../Range_Finder_bsp/\libhal_bsp.a(altera_avalon_jtag_uart_fd.o)
 .debug_abbrev  0x0000000000001785       0xd5 ../Range_Finder_bsp/\libhal_bsp.a(altera_avalon_jtag_uart_read.o)
 .debug_abbrev  0x000000000000185a       0xd5 ../Range_Finder_bsp/\libhal_bsp.a(altera_avalon_jtag_uart_write.o)
 .debug_abbrev  0x000000000000192f       0xeb ../Range_Finder_bsp/\libhal_bsp.a(draw_vga.o)
 .debug_abbrev  0x0000000000001a1a      0x1ed ../Range_Finder_bsp/\libhal_bsp.a(sierra.o)
 .debug_abbrev  0x0000000000001c07      0x12a ../Range_Finder_bsp/\libhal_bsp.a(sierra_sem.o)
 .debug_abbrev  0x0000000000001d31      0x18b ../Range_Finder_bsp/\libhal_bsp.a(sierra_task.o)
 .debug_abbrev  0x0000000000001ebc      0x12a ../Range_Finder_bsp/\libhal_bsp.a(sierra_time.o)
 .debug_abbrev  0x0000000000001fe6       0xf0 ../Range_Finder_bsp/\libhal_bsp.a(soft_drivers.o)
 .debug_abbrev  0x00000000000020d6      0x11f ../Range_Finder_bsp/\libhal_bsp.a(alt_close.o)
 .debug_abbrev  0x00000000000021f5       0x42 ../Range_Finder_bsp/\libhal_bsp.a(alt_dcache_flush_all.o)
 .debug_abbrev  0x0000000000002237       0xd9 ../Range_Finder_bsp/\libhal_bsp.a(alt_dev.o)
 .debug_abbrev  0x0000000000002310      0x114 ../Range_Finder_bsp/\libhal_bsp.a(alt_dev_llist_insert.o)
 .debug_abbrev  0x0000000000002424       0x5a ../Range_Finder_bsp/\libhal_bsp.a(alt_errno.o)
 .debug_abbrev  0x000000000000247e       0x42 ../Range_Finder_bsp/\libhal_bsp.a(alt_icache_flush_all.o)
 .debug_abbrev  0x00000000000024c0      0x114 ../Range_Finder_bsp/\libhal_bsp.a(alt_io_redirect.o)
 .debug_abbrev  0x00000000000025d4      0x186 ../Range_Finder_bsp/\libhal_bsp.a(alt_irq_register.o)
 .debug_abbrev  0x000000000000275a       0x40 ../Range_Finder_bsp/\libhal_bsp.a(alt_irq_vars.o)
 .debug_abbrev  0x000000000000279a      0x148 ../Range_Finder_bsp/\libhal_bsp.a(alt_open.o)
 .debug_abbrev  0x00000000000028e2       0xde ../Range_Finder_bsp/\libhal_bsp.a(alt_release_fd.o)
 .debug_abbrev  0x00000000000029c0       0x42 ../Range_Finder_bsp/\libhal_bsp.a(altera_nios2_gen2_irq.o)
 .debug_abbrev  0x0000000000002a02       0x81 ../Range_Finder_bsp/\libhal_bsp.a(char_map.o)
 .debug_abbrev  0x0000000000002a83       0x14 ../Range_Finder_bsp/\libhal_bsp.a(csw.o)
 .debug_abbrev  0x0000000000002a97       0xf0 ../Range_Finder_bsp/\libhal_bsp.a(alt_find_dev.o)
 .debug_abbrev  0x0000000000002b87       0xf0 ../Range_Finder_bsp/\libhal_bsp.a(alt_find_file.o)
 .debug_abbrev  0x0000000000002c77      0x10d ../Range_Finder_bsp/\libhal_bsp.a(alt_get_fd.o)
 .debug_abbrev  0x0000000000002d84       0x12 ../Range_Finder_bsp/\libhal_bsp.a(alt_irq_entry.o)
 .debug_abbrev  0x0000000000002d96      0x122 ../Range_Finder_bsp/\libhal_bsp.a(alt_irq_handler.o)
 .debug_abbrev  0x0000000000002eb8       0x12 ../Range_Finder_bsp/\libhal_bsp.a(alt_exception_entry.o)
 .debug_abbrev  0x0000000000002eca       0x14 ../Range_Finder_bsp/\libhal_bsp.a(alt_exception_trap.o)
 .debug_abbrev  0x0000000000002ede       0x8b c:/intelfpga_lite/18.1/nios2eds/bin/gnu/h-x86_64-mingw32/bin/../lib/gcc/nios2-elf/5.3.0/../../../../../H-x86_64-mingw32/nios2-elf/lib/mno-hw-mul\libsmallc.a(lib_a-exit.o)
 .debug_abbrev  0x0000000000002f69       0x7f c:/intelfpga_lite/18.1/nios2eds/bin/gnu/h-x86_64-mingw32/bin/../lib/gcc/nios2-elf/5.3.0/../../../../../H-x86_64-mingw32/nios2-elf/lib/mno-hw-mul\libsmallc.a(lib_a-memcmp.o)
 .debug_abbrev  0x0000000000002fe8      0x1f6 c:/intelfpga_lite/18.1/nios2eds/bin/gnu/h-x86_64-mingw32/bin/../lib/gcc/nios2-elf/5.3.0/../../../../../H-x86_64-mingw32/nios2-elf/lib/mno-hw-mul\libsmallc.a(lib_a-__call_atexit.o)
 .debug_abbrev  0x00000000000031de       0xa9 ../Range_Finder_bsp/\libhal_bsp.a(alt_exit.o)

.debug_line     0x0000000000000000     0x3b14
 *(.debug_line)
 .debug_line    0x0000000000000000       0x66 ../Range_Finder_bsp//obj/HAL/src/crt0.o
 .debug_line    0x0000000000000066       0xcb obj/default/main_range_finder.o
 .debug_line    0x0000000000000131       0xe1 obj/default/task_avg_range_code.o
 .debug_line    0x0000000000000212       0x5c obj/default/task_idle_code.o
 .debug_line    0x000000000000026e       0xe3 obj/default/task_range_code.o
 .debug_line    0x0000000000000351      0x246 obj/default/task_range_print_code.o
 .debug_line    0x0000000000000597      0x188 obj/default/task_servo_position_code.o
 .debug_line    0x000000000000071f      0x105 c:/intelfpga_lite/18.1/nios2eds/bin/gnu/h-x86_64-mingw32/bin/../lib/gcc/nios2-elf/5.3.0/mno-hw-mul\libgcc.a(lib2-divmod.o)
 .debug_line    0x0000000000000824      0x203 c:/intelfpga_lite/18.1/nios2eds/bin/gnu/h-x86_64-mingw32/bin/../lib/gcc/nios2-elf/5.3.0/../../../../../H-x86_64-mingw32/nios2-elf/lib/mno-hw-mul\libsmallc.a(lib_a-printf.o)
 .debug_line    0x0000000000000a27      0x206 c:/intelfpga_lite/18.1/nios2eds/bin/gnu/h-x86_64-mingw32/bin/../lib/gcc/nios2-elf/5.3.0/../../../../../H-x86_64-mingw32/nios2-elf/lib/mno-hw-mul\libsmallc.a(lib_a-puts.o)
 .debug_line    0x0000000000000c2d      0x15c c:/intelfpga_lite/18.1/nios2eds/bin/gnu/h-x86_64-mingw32/bin/../lib/gcc/nios2-elf/5.3.0/../../../../../H-x86_64-mingw32/nios2-elf/lib/mno-hw-mul\libsmallc.a(lib_a-strlen.o)
 .debug_line    0x0000000000000d89      0x351 c:/intelfpga_lite/18.1/nios2eds/bin/gnu/h-x86_64-mingw32/bin/../lib/gcc/nios2-elf/5.3.0/../../../../../H-x86_64-mingw32/nios2-elf/lib/mno-hw-mul\libsmallc.a(lib_a-vfprintf.o)
 .debug_line    0x00000000000010da      0x1f0 c:/intelfpga_lite/18.1/nios2eds/bin/gnu/h-x86_64-mingw32/bin/../lib/gcc/nios2-elf/5.3.0/../../../../../H-x86_64-mingw32/nios2-elf/lib/mno-hw-mul\libsmallc.a(lib_a-fvwrite_small_dev.o)
 .debug_line    0x00000000000012ca      0x156 c:/intelfpga_lite/18.1/nios2eds/bin/gnu/h-x86_64-mingw32/bin/../lib/gcc/nios2-elf/5.3.0/../../../../../H-x86_64-mingw32/nios2-elf/lib/mno-hw-mul\libsmallc.a(lib_a-impure.o)
 .debug_line    0x0000000000001420      0x1ed c:/intelfpga_lite/18.1/nios2eds/bin/gnu/h-x86_64-mingw32/bin/../lib/gcc/nios2-elf/5.3.0/../../../../../H-x86_64-mingw32/nios2-elf/lib/mno-hw-mul\libsmallc.a(lib_a-writer.o)
 .debug_line    0x000000000000160d       0x5f c:/intelfpga_lite/18.1/nios2eds/bin/gnu/h-x86_64-mingw32/bin/../lib/gcc/nios2-elf/5.3.0/../../../../../H-x86_64-mingw32/nios2-elf/lib/mno-hw-mul\libsmallc.a(lib_a-int_errno.o)
 .debug_line    0x000000000000166c       0x80 c:/intelfpga_lite/18.1/nios2eds/bin/gnu/h-x86_64-mingw32/bin/../lib/gcc/nios2-elf/5.3.0/mno-hw-mul\libgcc.a(lib2-mul.o)
 .debug_line    0x00000000000016ec       0x8e ../Range_Finder_bsp/\libhal_bsp.a(alt_load.o)
 .debug_line    0x000000000000177a       0x9e ../Range_Finder_bsp/\libhal_bsp.a(alt_main.o)
 .debug_line    0x0000000000001818      0x1db ../Range_Finder_bsp/\libhal_bsp.a(alt_write.o)
 .debug_line    0x00000000000019f3      0x127 ../Range_Finder_bsp/\libhal_bsp.a(alt_sys_init.o)
 .debug_line    0x0000000000001b1a      0x112 ../Range_Finder_bsp/\libhal_bsp.a(altera_avalon_jtag_uart_fd.o)
 .debug_line    0x0000000000001c2c       0xfd ../Range_Finder_bsp/\libhal_bsp.a(altera_avalon_jtag_uart_read.o)
 .debug_line    0x0000000000001d29       0xf4 ../Range_Finder_bsp/\libhal_bsp.a(altera_avalon_jtag_uart_write.o)
 .debug_line    0x0000000000001e1d      0x318 ../Range_Finder_bsp/\libhal_bsp.a(draw_vga.o)
 .debug_line    0x0000000000002135      0x131 ../Range_Finder_bsp/\libhal_bsp.a(sierra.o)
 .debug_line    0x0000000000002266      0x130 ../Range_Finder_bsp/\libhal_bsp.a(sierra_sem.o)
 .debug_line    0x0000000000002396      0x177 ../Range_Finder_bsp/\libhal_bsp.a(sierra_task.o)
 .debug_line    0x000000000000250d       0xed ../Range_Finder_bsp/\libhal_bsp.a(sierra_time.o)
 .debug_line    0x00000000000025fa      0x12d ../Range_Finder_bsp/\libhal_bsp.a(soft_drivers.o)
 .debug_line    0x0000000000002727      0x165 ../Range_Finder_bsp/\libhal_bsp.a(alt_close.o)
 .debug_line    0x000000000000288c       0x51 ../Range_Finder_bsp/\libhal_bsp.a(alt_dcache_flush_all.o)
 .debug_line    0x00000000000028dd       0xf8 ../Range_Finder_bsp/\libhal_bsp.a(alt_dev.o)
 .debug_line    0x00000000000029d5       0xcf ../Range_Finder_bsp/\libhal_bsp.a(alt_dev_llist_insert.o)
 .debug_line    0x0000000000002aa4       0x51 ../Range_Finder_bsp/\libhal_bsp.a(alt_errno.o)
 .debug_line    0x0000000000002af5       0x4f ../Range_Finder_bsp/\libhal_bsp.a(alt_icache_flush_all.o)
 .debug_line    0x0000000000002b44      0x135 ../Range_Finder_bsp/\libhal_bsp.a(alt_io_redirect.o)
 .debug_line    0x0000000000002c79      0x155 ../Range_Finder_bsp/\libhal_bsp.a(alt_irq_register.o)
 .debug_line    0x0000000000002dce       0x50 ../Range_Finder_bsp/\libhal_bsp.a(alt_irq_vars.o)
 .debug_line    0x0000000000002e1e      0x12b ../Range_Finder_bsp/\libhal_bsp.a(alt_open.o)
 .debug_line    0x0000000000002f49       0xb0 ../Range_Finder_bsp/\libhal_bsp.a(alt_release_fd.o)
 .debug_line    0x0000000000002ff9       0x51 ../Range_Finder_bsp/\libhal_bsp.a(altera_nios2_gen2_irq.o)
 .debug_line    0x000000000000304a       0x69 ../Range_Finder_bsp/\libhal_bsp.a(char_map.o)
 .debug_line    0x00000000000030b3       0x5f ../Range_Finder_bsp/\libhal_bsp.a(csw.o)
 .debug_line    0x0000000000003112       0xb5 ../Range_Finder_bsp/\libhal_bsp.a(alt_find_dev.o)
 .debug_line    0x00000000000031c7       0xd1 ../Range_Finder_bsp/\libhal_bsp.a(alt_find_file.o)
 .debug_line    0x0000000000003298       0xd7 ../Range_Finder_bsp/\libhal_bsp.a(alt_get_fd.o)
 .debug_line    0x000000000000336f       0x6b ../Range_Finder_bsp/\libhal_bsp.a(alt_irq_entry.o)
 .debug_line    0x00000000000033da       0xaa ../Range_Finder_bsp/\libhal_bsp.a(alt_irq_handler.o)
 .debug_line    0x0000000000003484       0xe4 ../Range_Finder_bsp/\libhal_bsp.a(alt_exception_entry.o)
 .debug_line    0x0000000000003568       0x50 ../Range_Finder_bsp/\libhal_bsp.a(alt_exception_trap.o)
 .debug_line    0x00000000000035b8      0x159 c:/intelfpga_lite/18.1/nios2eds/bin/gnu/h-x86_64-mingw32/bin/../lib/gcc/nios2-elf/5.3.0/../../../../../H-x86_64-mingw32/nios2-elf/lib/mno-hw-mul\libsmallc.a(lib_a-exit.o)
 .debug_line    0x0000000000003711      0x160 c:/intelfpga_lite/18.1/nios2eds/bin/gnu/h-x86_64-mingw32/bin/../lib/gcc/nios2-elf/5.3.0/../../../../../H-x86_64-mingw32/nios2-elf/lib/mno-hw-mul\libsmallc.a(lib_a-memcmp.o)
 .debug_line    0x0000000000003871      0x232 c:/intelfpga_lite/18.1/nios2eds/bin/gnu/h-x86_64-mingw32/bin/../lib/gcc/nios2-elf/5.3.0/../../../../../H-x86_64-mingw32/nios2-elf/lib/mno-hw-mul\libsmallc.a(lib_a-__call_atexit.o)
 .debug_line    0x0000000000003aa3       0x71 ../Range_Finder_bsp/\libhal_bsp.a(alt_exit.o)

.debug_frame    0x0000000000000000     0x10c8
 *(.debug_frame)
 .debug_frame   0x0000000000000000       0x2c obj/default/main_range_finder.o
 .debug_frame   0x000000000000002c       0x2c obj/default/task_avg_range_code.o
 .debug_frame   0x0000000000000058       0x2c obj/default/task_idle_code.o
 .debug_frame   0x0000000000000084       0x2c obj/default/task_range_code.o
 .debug_frame   0x00000000000000b0       0x2c obj/default/task_range_print_code.o
 .debug_frame   0x00000000000000dc       0x2c obj/default/task_servo_position_code.o
 .debug_frame   0x0000000000000108       0x50 c:/intelfpga_lite/18.1/nios2eds/bin/gnu/h-x86_64-mingw32/bin/../lib/gcc/nios2-elf/5.3.0/mno-hw-mul\libgcc.a(lib2-divmod.o)
 .debug_frame   0x0000000000000158       0x48 c:/intelfpga_lite/18.1/nios2eds/bin/gnu/h-x86_64-mingw32/bin/../lib/gcc/nios2-elf/5.3.0/../../../../../H-x86_64-mingw32/nios2-elf/lib/mno-hw-mul\libsmallc.a(lib_a-printf.o)
 .debug_frame   0x00000000000001a0       0x48 c:/intelfpga_lite/18.1/nios2eds/bin/gnu/h-x86_64-mingw32/bin/../lib/gcc/nios2-elf/5.3.0/../../../../../H-x86_64-mingw32/nios2-elf/lib/mno-hw-mul\libsmallc.a(lib_a-puts.o)
 .debug_frame   0x00000000000001e8       0x20 c:/intelfpga_lite/18.1/nios2eds/bin/gnu/h-x86_64-mingw32/bin/../lib/gcc/nios2-elf/5.3.0/../../../../../H-x86_64-mingw32/nios2-elf/lib/mno-hw-mul\libsmallc.a(lib_a-strlen.o)
 .debug_frame   0x0000000000000208       0x8c c:/intelfpga_lite/18.1/nios2eds/bin/gnu/h-x86_64-mingw32/bin/../lib/gcc/nios2-elf/5.3.0/../../../../../H-x86_64-mingw32/nios2-elf/lib/mno-hw-mul\libsmallc.a(lib_a-vfprintf.o)
 .debug_frame   0x0000000000000294       0x58 c:/intelfpga_lite/18.1/nios2eds/bin/gnu/h-x86_64-mingw32/bin/../lib/gcc/nios2-elf/5.3.0/../../../../../H-x86_64-mingw32/nios2-elf/lib/mno-hw-mul\libsmallc.a(lib_a-fvwrite_small_dev.o)
 .debug_frame   0x00000000000002ec       0x38 c:/intelfpga_lite/18.1/nios2eds/bin/gnu/h-x86_64-mingw32/bin/../lib/gcc/nios2-elf/5.3.0/../../../../../H-x86_64-mingw32/nios2-elf/lib/mno-hw-mul\libsmallc.a(lib_a-writer.o)
 .debug_frame   0x0000000000000324       0x20 c:/intelfpga_lite/18.1/nios2eds/bin/gnu/h-x86_64-mingw32/bin/../lib/gcc/nios2-elf/5.3.0/mno-hw-mul\libgcc.a(lib2-mul.o)
 .debug_frame   0x0000000000000344       0x5c ../Range_Finder_bsp/\libhal_bsp.a(alt_load.o)
 .debug_frame   0x00000000000003a0       0x2c ../Range_Finder_bsp/\libhal_bsp.a(alt_main.o)
 .debug_frame   0x00000000000003cc       0x60 ../Range_Finder_bsp/\libhal_bsp.a(alt_write.o)
 .debug_frame   0x000000000000042c       0x88 ../Range_Finder_bsp/\libhal_bsp.a(alt_sys_init.o)
 .debug_frame   0x00000000000004b4       0x60 ../Range_Finder_bsp/\libhal_bsp.a(altera_avalon_jtag_uart_fd.o)
 .debug_frame   0x0000000000000514       0x34 ../Range_Finder_bsp/\libhal_bsp.a(altera_avalon_jtag_uart_read.o)
 .debug_frame   0x0000000000000548       0x34 ../Range_Finder_bsp/\libhal_bsp.a(altera_avalon_jtag_uart_write.o)
 .debug_frame   0x000000000000057c      0x180 ../Range_Finder_bsp/\libhal_bsp.a(draw_vga.o)
 .debug_frame   0x00000000000006fc      0x1b4 ../Range_Finder_bsp/\libhal_bsp.a(sierra.o)
 .debug_frame   0x00000000000008b0       0xe8 ../Range_Finder_bsp/\libhal_bsp.a(sierra_sem.o)
 .debug_frame   0x0000000000000998      0x110 ../Range_Finder_bsp/\libhal_bsp.a(sierra_task.o)
 .debug_frame   0x0000000000000aa8       0x80 ../Range_Finder_bsp/\libhal_bsp.a(sierra_time.o)
 .debug_frame   0x0000000000000b28       0xac ../Range_Finder_bsp/\libhal_bsp.a(soft_drivers.o)
 .debug_frame   0x0000000000000bd4       0x60 ../Range_Finder_bsp/\libhal_bsp.a(alt_close.o)
 .debug_frame   0x0000000000000c34       0x34 ../Range_Finder_bsp/\libhal_bsp.a(alt_dcache_flush_all.o)
 .debug_frame   0x0000000000000c68       0x34 ../Range_Finder_bsp/\libhal_bsp.a(alt_dev.o)
 .debug_frame   0x0000000000000c9c       0x60 ../Range_Finder_bsp/\libhal_bsp.a(alt_dev_llist_insert.o)
 .debug_frame   0x0000000000000cfc       0x34 ../Range_Finder_bsp/\libhal_bsp.a(alt_icache_flush_all.o)
 .debug_frame   0x0000000000000d30       0x64 ../Range_Finder_bsp/\libhal_bsp.a(alt_io_redirect.o)
 .debug_frame   0x0000000000000d94       0x34 ../Range_Finder_bsp/\libhal_bsp.a(alt_irq_register.o)
 .debug_frame   0x0000000000000dc8       0x8c ../Range_Finder_bsp/\libhal_bsp.a(alt_open.o)
 .debug_frame   0x0000000000000e54       0x3c ../Range_Finder_bsp/\libhal_bsp.a(alt_release_fd.o)
 .debug_frame   0x0000000000000e90       0x34 ../Range_Finder_bsp/\libhal_bsp.a(altera_nios2_gen2_irq.o)
 .debug_frame   0x0000000000000ec4       0x58 ../Range_Finder_bsp/\libhal_bsp.a(char_map.o)
 .debug_frame   0x0000000000000f1c       0x38 ../Range_Finder_bsp/\libhal_bsp.a(alt_find_dev.o)
 .debug_frame   0x0000000000000f54       0x38 ../Range_Finder_bsp/\libhal_bsp.a(alt_find_file.o)
 .debug_frame   0x0000000000000f8c       0x3c ../Range_Finder_bsp/\libhal_bsp.a(alt_get_fd.o)
 .debug_frame   0x0000000000000fc8       0x38 ../Range_Finder_bsp/\libhal_bsp.a(alt_irq_handler.o)
 .debug_frame   0x0000000000001000       0x28 c:/intelfpga_lite/18.1/nios2eds/bin/gnu/h-x86_64-mingw32/bin/../lib/gcc/nios2-elf/5.3.0/../../../../../H-x86_64-mingw32/nios2-elf/lib/mno-hw-mul\libsmallc.a(lib_a-exit.o)
 .debug_frame   0x0000000000001028       0x20 c:/intelfpga_lite/18.1/nios2eds/bin/gnu/h-x86_64-mingw32/bin/../lib/gcc/nios2-elf/5.3.0/../../../../../H-x86_64-mingw32/nios2-elf/lib/mno-hw-mul\libsmallc.a(lib_a-memcmp.o)
 .debug_frame   0x0000000000001048       0x54 c:/intelfpga_lite/18.1/nios2eds/bin/gnu/h-x86_64-mingw32/bin/../lib/gcc/nios2-elf/5.3.0/../../../../../H-x86_64-mingw32/nios2-elf/lib/mno-hw-mul\libsmallc.a(lib_a-__call_atexit.o)
 .debug_frame   0x000000000000109c       0x2c ../Range_Finder_bsp/\libhal_bsp.a(alt_exit.o)

.debug_str      0x0000000000000000     0x1f02
 *(.debug_str)
 .debug_str     0x0000000000000000      0x1ef obj/default/main_range_finder.o
                                        0x233 (size before relaxing)
 .debug_str     0x00000000000001ef       0xa3 obj/default/task_avg_range_code.o
                                        0x272 (size before relaxing)
 .debug_str     0x0000000000000292       0x20 obj/default/task_idle_code.o
                                        0x1b2 (size before relaxing)
 .debug_str     0x00000000000002b2       0x28 obj/default/task_range_code.o
                                        0x277 (size before relaxing)
 .debug_str     0x00000000000002da       0x4d obj/default/task_range_print_code.o
                                        0x287 (size before relaxing)
 .debug_str     0x0000000000000327       0x71 obj/default/task_servo_position_code.o
                                        0x2d2 (size before relaxing)
 .debug_str     0x0000000000000398      0x187 c:/intelfpga_lite/18.1/nios2eds/bin/gnu/h-x86_64-mingw32/bin/../lib/gcc/nios2-elf/5.3.0/mno-hw-mul\libgcc.a(lib2-divmod.o)
                                        0x1d2 (size before relaxing)
 .debug_str     0x000000000000051f      0x431 c:/intelfpga_lite/18.1/nios2eds/bin/gnu/h-x86_64-mingw32/bin/../lib/gcc/nios2-elf/5.3.0/../../../../../H-x86_64-mingw32/nios2-elf/lib/mno-hw-mul\libsmallc.a(lib_a-printf.o)
                                        0x504 (size before relaxing)
 .debug_str     0x0000000000000950       0x63 c:/intelfpga_lite/18.1/nios2eds/bin/gnu/h-x86_64-mingw32/bin/../lib/gcc/nios2-elf/5.3.0/../../../../../H-x86_64-mingw32/nios2-elf/lib/mno-hw-mul\libsmallc.a(lib_a-puts.o)
                                        0x4cd (size before relaxing)
 .debug_str     0x00000000000009b3       0xd2 c:/intelfpga_lite/18.1/nios2eds/bin/gnu/h-x86_64-mingw32/bin/../lib/gcc/nios2-elf/5.3.0/../../../../../H-x86_64-mingw32/nios2-elf/lib/mno-hw-mul\libsmallc.a(lib_a-strlen.o)
                                        0x1e5 (size before relaxing)
 .debug_str     0x0000000000000a85      0x1f8 c:/intelfpga_lite/18.1/nios2eds/bin/gnu/h-x86_64-mingw32/bin/../lib/gcc/nios2-elf/5.3.0/../../../../../H-x86_64-mingw32/nios2-elf/lib/mno-hw-mul\libsmallc.a(lib_a-vfprintf.o)
                                        0x67f (size before relaxing)
 .debug_str     0x0000000000000c7d       0x63 c:/intelfpga_lite/18.1/nios2eds/bin/gnu/h-x86_64-mingw32/bin/../lib/gcc/nios2-elf/5.3.0/../../../../../H-x86_64-mingw32/nios2-elf/lib/mno-hw-mul\libsmallc.a(lib_a-fvwrite_small_dev.o)
                                        0x4d4 (size before relaxing)
 .debug_str     0x0000000000000ce0       0xef c:/intelfpga_lite/18.1/nios2eds/bin/gnu/h-x86_64-mingw32/bin/../lib/gcc/nios2-elf/5.3.0/../../../../../H-x86_64-mingw32/nios2-elf/lib/mno-hw-mul\libsmallc.a(lib_a-impure.o)
                                        0x4be (size before relaxing)
 .debug_str     0x0000000000000dcf       0x45 c:/intelfpga_lite/18.1/nios2eds/bin/gnu/h-x86_64-mingw32/bin/../lib/gcc/nios2-elf/5.3.0/../../../../../H-x86_64-mingw32/nios2-elf/lib/mno-hw-mul\libsmallc.a(lib_a-writer.o)
                                        0x4b8 (size before relaxing)
 .debug_str     0x0000000000000e14       0x3f c:/intelfpga_lite/18.1/nios2eds/bin/gnu/h-x86_64-mingw32/bin/../lib/gcc/nios2-elf/5.3.0/../../../../../H-x86_64-mingw32/nios2-elf/lib/mno-hw-mul\libsmallc.a(lib_a-int_errno.o)
                                        0x1d8 (size before relaxing)
 .debug_str     0x0000000000000e53       0x40 c:/intelfpga_lite/18.1/nios2eds/bin/gnu/h-x86_64-mingw32/bin/../lib/gcc/nios2-elf/5.3.0/mno-hw-mul\libgcc.a(lib2-mul.o)
                                        0x193 (size before relaxing)
 .debug_str     0x0000000000000e93      0x136 ../Range_Finder_bsp/\libhal_bsp.a(alt_load.o)
                                        0x225 (size before relaxing)
 .debug_str     0x0000000000000fc9       0x70 ../Range_Finder_bsp/\libhal_bsp.a(alt_main.o)
                                        0x1b0 (size before relaxing)
 .debug_str     0x0000000000001039      0x15f ../Range_Finder_bsp/\libhal_bsp.a(alt_write.o)
                                        0x30b (size before relaxing)
 .debug_str     0x0000000000001198       0xfe ../Range_Finder_bsp/\libhal_bsp.a(alt_sys_init.o)
                                        0x2e5 (size before relaxing)
 .debug_str     0x0000000000001296       0x77 ../Range_Finder_bsp/\libhal_bsp.a(altera_avalon_jtag_uart_fd.o)
                                        0x2e8 (size before relaxing)
 .debug_str     0x000000000000130d       0x48 ../Range_Finder_bsp/\libhal_bsp.a(altera_avalon_jtag_uart_read.o)
                                        0x232 (size before relaxing)
 .debug_str     0x0000000000001355       0x4a ../Range_Finder_bsp/\libhal_bsp.a(altera_avalon_jtag_uart_write.o)
                                        0x228 (size before relaxing)
 .debug_str     0x000000000000139f       0xfa ../Range_Finder_bsp/\libhal_bsp.a(draw_vga.o)
                                        0x27c (size before relaxing)
 .debug_str     0x0000000000001499      0x3a2 ../Range_Finder_bsp/\libhal_bsp.a(sierra.o)
                                        0x507 (size before relaxing)
 .debug_str     0x000000000000183b       0x48 ../Range_Finder_bsp/\libhal_bsp.a(sierra_sem.o)
                                        0x345 (size before relaxing)
 .debug_str     0x0000000000001883       0x5c ../Range_Finder_bsp/\libhal_bsp.a(sierra_task.o)
                                        0x419 (size before relaxing)
 .debug_str     0x00000000000018df       0x33 ../Range_Finder_bsp/\libhal_bsp.a(sierra_time.o)
                                        0x382 (size before relaxing)
 .debug_str     0x0000000000001912       0x4f ../Range_Finder_bsp/\libhal_bsp.a(soft_drivers.o)
                                        0x1d7 (size before relaxing)
 .debug_str     0x0000000000001961       0x1b ../Range_Finder_bsp/\libhal_bsp.a(alt_close.o)
                                        0x21e (size before relaxing)
 .debug_str     0x000000000000197c       0x34 ../Range_Finder_bsp/\libhal_bsp.a(alt_dcache_flush_all.o)
                                        0x168 (size before relaxing)
 .debug_str     0x00000000000019b0       0x49 ../Range_Finder_bsp/\libhal_bsp.a(alt_dev.o)
                                        0x318 (size before relaxing)
 .debug_str     0x00000000000019f9       0x4b ../Range_Finder_bsp/\libhal_bsp.a(alt_dev_llist_insert.o)
                                        0x1df (size before relaxing)
 .debug_str     0x0000000000001a44       0x14 ../Range_Finder_bsp/\libhal_bsp.a(alt_errno.o)
                                        0x158 (size before relaxing)
 .debug_str     0x0000000000001a58       0x34 ../Range_Finder_bsp/\libhal_bsp.a(alt_icache_flush_all.o)
                                        0x168 (size before relaxing)
 .debug_str     0x0000000000001a8c       0x56 ../Range_Finder_bsp/\libhal_bsp.a(alt_io_redirect.o)
                                        0x329 (size before relaxing)
 .debug_str     0x0000000000001ae2       0xb7 ../Range_Finder_bsp/\libhal_bsp.a(alt_irq_register.o)
                                        0x21b (size before relaxing)
 .debug_str     0x0000000000001b99       0x17 ../Range_Finder_bsp/\libhal_bsp.a(alt_irq_vars.o)
                                        0x14d (size before relaxing)
 .debug_str     0x0000000000001bb0       0x2f ../Range_Finder_bsp/\libhal_bsp.a(alt_open.o)
                                        0x25e (size before relaxing)
 .debug_str     0x0000000000001bdf       0x28 ../Range_Finder_bsp/\libhal_bsp.a(alt_release_fd.o)
                                        0x1e6 (size before relaxing)
 .debug_str     0x0000000000001c07       0x3b ../Range_Finder_bsp/\libhal_bsp.a(altera_nios2_gen2_irq.o)
                                        0x16f (size before relaxing)
 .debug_str     0x0000000000001c42       0x58 ../Range_Finder_bsp/\libhal_bsp.a(char_map.o)
                                        0x17d (size before relaxing)
 .debug_str     0x0000000000001c9a       0x24 ../Range_Finder_bsp/\libhal_bsp.a(alt_find_dev.o)
                                        0x1ff (size before relaxing)
 .debug_str     0x0000000000001cbe       0x26 ../Range_Finder_bsp/\libhal_bsp.a(alt_find_file.o)
                                        0x20d (size before relaxing)
 .debug_str     0x0000000000001ce4       0x30 ../Range_Finder_bsp/\libhal_bsp.a(alt_get_fd.o)
                                        0x22f (size before relaxing)